[267月2026 23:42:07.532] [main/INFO] [cpw.mods.modlauncher.Launcher/MODLAUNCHER]: ModLauncher running: args [--launchTarget, forgeclientdev, --version, 21.1.219, --assetIndex, 17, --assetsDir, C:\\Users\\28178\\.gradle\\caches\\neoformruntime\\assets, --gameDir, ., --fml.fmlVersion, 4.0.42, --fml.mcVersion, 1.21.1, --fml.neoForgeVersion, 21.1.219, --fml.neoFormVersion, 20240808.144430]
[267月2026 23:42:07.535] [main/INFO] [cpw.mods.modlauncher.Launcher/MODLAUNCHER]: JVM identified as Oracle Corporation Java HotSpot(TM) 64-Bit Server VM 21.0.9+7-LTS-338
[267月2026 23:42:07.536] [main/INFO] [cpw.mods.modlauncher.Launcher/MODLAUNCHER]: ModLauncher 11.0.5+main.901c6ea8 starting: java version 21.0.9 by Oracle Corporation; OS Windows 11 arch amd64 version 10.0
[267月2026 23:42:07.660] [main/INFO] [net.neoforged.fml.loading.ImmediateWindowHandler/]: Loading ImmediateWindowProvider fmlearlywindow
[267月2026 23:42:07.840] [main/INFO] [EARLYDISPLAY/]: Trying GL version 4.6
[267月2026 23:42:08.043] [main/INFO] [EARLYDISPLAY/]: Requested GL version 4.6 got version 4.6
[267月2026 23:42:08.190] [main/INFO] [mixin/]: SpongePowered MIXIN Subsystem Version=0.8.7 Source=union:/C:/Users/28178/.gradle/caches/modules-2/files-2.1/net.fabricmc/sponge-mixin/0.15.2+mixin.0.8.7/2af2f021d8e02a0220dc27a7a72b4666d66d44ca/sponge-mixin-0.15.2+mixin.0.8.7.jar%23140!/ Service=ModLauncher Env=CLIENT
[267月2026 23:42:08.450] [pool-2-thread-1/INFO] [EARLYDISPLAY/]: GL info: NVIDIA GeForce RTX 4050 Laptop GPU/PCIe/SSE2 GL version 4.6.0 NVIDIA 596.36, NVIDIA Corporation
[267月2026 23:42:09.192] [main/INFO] [net.neoforged.fml.loading.moddiscovery.locators.JarInJarDependencyLocator/]: Found 10 dependencies adding them to mods collection
[267月2026 23:42:09.197] [main/INFO] [net.neoforged.fml.loading.moddiscovery.ModDiscoverer/]: 
     Mod List:
		Name Version (Mod Id)

		Applied Energistics 2 19.2.17 (ae2)
		Architectury 13.0.8 (architectury)
		Cloth Config v15 API 15.0.140 (cloth_config)
		Common Networking 1.0.21-1.21.1 (commonnetworking)
		Ender Core 8.2.11-beta (endercore)
		Ender IO 8.2.11-beta (enderio)
		Ender IO - Modded Conduits 8.2.11-beta (enderio_modded_conduits)
		Framework 0.13.11 (framework)
		GuideME 21.1.16 (guideme)
		Journeymap 1.21.1-6.0.0 (journeymap)
		JourneyMap API 2.0.0-1.21.1 (journeymap_api)
		Just Enough Items 19.22.1.316 (jei)
		Light Overlay 12.0.0 (lightoverlay)
		Mekanism 10.7.19 (mekanism)
		Mekanism: Generators 10.7.19 (mekanismgenerators)
		Minecraft 1.21.1 (minecraft)
		Modern UI 3.13.0.1 (modernui)
		MrCrayfish's Furniture Mod: Refurbished 1.0.22 (refurbished_furniture)
		NeoForge 21.1.219 (neoforge)
		RTS building Build From Above 1.1.4 (rtsbuilding)
[267月2026 23:42:10.652] [main/INFO] [mixin/]: Compatibility level set to JAVA_17
[267月2026 23:42:10.656] [main/INFO] [mixin/]: Compatibility level set to JAVA_21
[267月2026 23:42:10.677] [main/INFO] [cpw.mods.modlauncher.LaunchServiceHandler/MODLAUNCHER]: Launching target 'forgeclientdev' with arguments [--version, 21.1.219, --gameDir, ., --assetsDir, C:\Users\28178\.gradle\caches\neoformruntime\assets, --assetIndex, 17]
[267月2026 23:42:10.921] [main/WARN] [mixin/]: Reference map 'refurbished_furniture.refmap.json' for refurbished_furniture.common.mixins.json could not be read. If this is a development environment you can ignore this message
[267月2026 23:42:10.925] [main/WARN] [mixin/]: Reference map 'journeymap-refmap.json' for journeymap.mixins.json could not be read. If this is a development environment you can ignore this message
[267月2026 23:42:11.466] [main/WARN] [mixin/]: Error loading class: ironfurnaces/container/furnaces/BlockIronFurnaceContainerBase (java.lang.ClassNotFoundException: ironfurnaces.container.furnaces.BlockIronFurnaceContainerBase)
[267月2026 23:42:11.466] [main/WARN] [mixin/]: Error loading class: ironfurnaces/container/BlockWirelessEnergyHeaterContainerBase (java.lang.ClassNotFoundException: ironfurnaces.container.BlockWirelessEnergyHeaterContainerBase)
[267月2026 23:42:11.467] [main/WARN] [mixin/]: Error loading class: cy/jdkdigital/generatorgalore/common/container/GeneratorMenu (java.lang.ClassNotFoundException: cy.jdkdigital.generatorgalore.common.container.GeneratorMenu)
[267月2026 23:42:11.468] [main/WARN] [mixin/]: Error loading class: net/p3pp3rf1y/sophisticatedstorage/common/gui/StorageContainerMenu (java.lang.ClassNotFoundException: net.p3pp3rf1y.sophisticatedstorage.common.gui.StorageContainerMenu)
[267月2026 23:42:11.568] [main/INFO] [MixinExtras|Service/]: Initializing MixinExtras via com.llamalad7.mixinextras.service.MixinExtrasServiceImpl(version=0.5.0).
[267月2026 23:42:13.971] [Datafixer Bootstrap/INFO] [com.mojang.datafixers.DataFixerBuilder/]: 229 Datafixer optimizations took 348 milliseconds
[267月2026 23:42:19.135] [main/WARN] [net.minecraft.commands.Commands/]: Ambiguity between arguments [teleport, location] and [teleport, destination] with inputs: [0.1 -0.5 .9, 0 0 0]
[267月2026 23:42:19.136] [main/WARN] [net.minecraft.commands.Commands/]: Ambiguity between arguments [teleport, location] and [teleport, targets] with inputs: [0.1 -0.5 .9, 0 0 0]
[267月2026 23:42:19.137] [main/WARN] [net.minecraft.commands.Commands/]: Ambiguity between arguments [teleport, destination] and [teleport, targets] with inputs: [Player, 0123, @e, dd12be42-52a9-4a91-a8a1-11c01849e498]
[267月2026 23:42:19.138] [main/WARN] [net.minecraft.commands.Commands/]: Ambiguity between arguments [teleport, targets] and [teleport, destination] with inputs: [Player, 0123, dd12be42-52a9-4a91-a8a1-11c01849e498]
[267月2026 23:42:19.139] [main/WARN] [net.minecraft.commands.Commands/]: Ambiguity between arguments [teleport, targets, location] and [teleport, targets, destination] with inputs: [0.1 -0.5 .9, 0 0 0]
[267月2026 23:42:19.304] [Render thread/WARN] [net.minecraft.server.packs.VanillaPackResourcesBuilder/]: Assets URL 'union:/E:/Minecraft/Minecraft%20Modding/RTSbuilding/build/moddev/artifacts/neoforge-21.1.219.jar%23191!/assets/.mcassetsroot' uses unexpected schema
[267月2026 23:42:19.304] [Render thread/WARN] [net.minecraft.server.packs.VanillaPackResourcesBuilder/]: Assets URL 'union:/E:/Minecraft/Minecraft%20Modding/RTSbuilding/build/moddev/artifacts/neoforge-21.1.219.jar%23191!/data/.mcassetsroot' uses unexpected schema
[267月2026 23:42:19.342] [Render thread/INFO] [com.mojang.authlib.yggdrasil.YggdrasilAuthenticationService/]: Environment: Environment[sessionHost=https://sessionserver.mojang.com, servicesHost=https://api.minecraftservices.com, name=PROD]
[267月2026 23:42:19.350] [Render thread/INFO] [net.minecraft.client.Minecraft/]: Setting user: Dev
[267月2026 23:42:19.455] [Render thread/INFO] [net.minecraft.client.Minecraft/]: Backend library: LWJGL version 3.3.3+5
[267月2026 23:42:19.497] [Render thread/INFO] [ModernUI-MC/Init]: Created MuiForgeAPI
[267月2026 23:42:19.497] [Render thread/INFO] [ModernUI-MC/Init]: Detected OpenGL 4.6 Core Profile from FML Early Window
[267月2026 23:42:19.602] [Render thread/INFO] [Arc3D/]: Use NV_conservative_raster
[267月2026 23:42:19.602] [Render thread/INFO] [Arc3D/]: Use NV_blend_equation_advanced_coherent
[267月2026 23:42:19.687] [Render thread/INFO] [ModernUI/Core]: OpenGL vendor: NVIDIA Corporation
[267月2026 23:42:19.687] [Render thread/INFO] [ModernUI/Core]: OpenGL renderer: NVIDIA GeForce RTX 4050 Laptop GPU/PCIe/SSE2
[267月2026 23:42:19.687] [Render thread/INFO] [ModernUI/Core]: OpenGL version: 4.6.0 NVIDIA 596.36
[267月2026 23:42:19.689] [Render thread/INFO] [ModernUI/Core]: OpenGL caps: 
AnisotropySupport: true
GpuTracingSupport: false
ConservativeRasterSupport: true
TextureBarrierSupport: true
DepthClipNegativeOneToOne: true
BlendEquationSupport: ADVANCED_COHERENT
ClampToBorderSupport: true
MaxRenderTargetSize: 32768
MaxPreferredRenderTargetSize: 32768
MaxVertexAttributes: 16
MaxVertexBindings: 8
MaxTextureSize: 32768
MaxPushConstantsSize: 0
MaxColorAttachments: 8
MinUniformBufferOffsetAlignment: 256
MinStorageBufferOffsetAlignment: 16
ShaderCaps:
	TargetAPI: OPENGL_4_5
	GLSLVersion: GLSL_450
	SPIRVVersion: null
	FMASupport: true
	DualSourceBlendingSupport: true
	PreferFlatInterpolation: true
	VertexIDSupport: true
	InfinitySupport: true
	NonConstantArrayIndexSupport: true
	BitManipulationSupport: true
	NoPerspectiveInterpolationSupport: true
	ReducedShaderMode: false
	TextureQueryLod: true
	UniformBindingSupport: true
	VaryingLocationSupport: true
	UseBlockMemberOffset: true
	UsePrecisionModifiers: false
	RequiresLocalOutputColorForFBFetch: false
	MustObfuscateUniformColor: false
	MustWriteToFragColor: false
	ColorSpaceMathNeedsFloat: false
	AvoidDfDxForGradientsWhenPossible: false
	SecondaryOutputExtension: null
	AdvBlendEqInteraction: 1
	MaxFragmentSamplers: 32
Vendor: NVIDIA
Driver: NVIDIA
MaxFragmentUniformVectors: 1024
MaxTextureMaxAnisotropy: 16.0
SupportsProtected: false
SkipErrorChecks: true
MaxLabelLength: 256
DebugSupport: true
BufferStorageSupport: true
DrawElementsBaseVertexSupport: true
BaseInstanceSupport: true
DSASupport: true
InvalidateBufferType: 2
InvalidateFramebufferSupport: true
ShaderBinarySupport: true
UseStagingBuffers: false
MustHaveFragmentShader: false
VertexAttribBindingSupport: true
CopyImageSupport: true
SPIRVSupport: false
ViewCompatibilityClassSupport: true
TexStorageSupport: true
ProgramBinarySupport: true
ProgramBinaryFormats: [36385]
GLSLVersion: 460
ColorTypeToFormat:
	UNKNOWN=>Unsupported
	R_8=>R8
	RG_88=>RG8
	RGBA_8888=>RGBA8
	R_16=>R16
	RG_1616=>RG16
	RGBA_16161616=>RBGA16
	R_F16=>R16F
	RG_F16=>RG16F
	RGBA_F16=>RGBA16F
	R_F32=>Unsupported
	RG_F32=>Unsupported
	RGBA_F32=>Unsupported
	ALPHA_8=>R8
	ALPHA_16=>R16
	ALPHA_F16=>R16F
	GRAY_8=>R8
	GRAY_16=>R16
	GRAY_ALPHA_88=>RG8
	GRAY_ALPHA_1616=>RG16
	BGRA_8888=>BGRA8
	BGR_565=>B5_G6_R5
	BGRA_5551=>BGR5_A1
	RGBA_1010102=>RGB10_A2
	BGRA_1010102=>BGR10_A2
	RGBE_9995=>Unsupported
	RGB_888=>RGB8
	RGB_161616=>RGB16
	RGBX_8888=>RGBA8
CompressionTypeToBackendFormat: [null, {mBackend=OpenGL, mFormat=ETC2}, {mBackend=OpenGL, mFormat=RGB8_BC1}, {mBackend=OpenGL, mFormat=RGBA8_BC1}]

[267月2026 23:42:19.936] [modloading-worker-0/INFO] [ModernUI-MC/Init]: Initialized Modern UI
[267月2026 23:42:19.945] [modloading-worker-0/WARN] [AE2:C/]: Unable to find class com.simibubi.create.foundation.ponder.PonderWorld. Integration with PonderJS disabled.
[267月2026 23:42:19.951] [modloading-worker-0/INFO] [net.neoforged.neoforge.common.NeoForgeMod/NEOFORGE-MOD]: NeoForge mod loading, version 21.1.219, for MC 1.21.1
[267月2026 23:42:20.299] [modloading-worker-0/INFO] [mezz.jei.library.load.PluginCaller/]: Sending ConfigManager...
[267月2026 23:42:20.308] [modloading-worker-0/INFO] [mezz.jei.library.load.PluginCaller/]: Sending ConfigManager took 5.790 milliseconds
[267月2026 23:42:20.469] [modloading-worker-0/INFO] [ModernUI-MC/UIManager]: UI manager initialized
[267月2026 23:42:20.875] [modloading-worker-0/INFO] [ModernUI-MC/Init]: Created TextLayoutEngine
[267月2026 23:42:20.879] [modloading-worker-0/INFO] [ModernUI-MC/Init]: Initialized Modern UI text engine
[267月2026 23:42:20.891] [modloading-worker-0/INFO] [ModernUI-MC/Init]: Initialized Modern UI client
[267月2026 23:42:21.228] [UI thread/INFO] [ModernUI-MC/UIManager]: UI thread initialized in 853ms
[267月2026 23:42:24.287] [Render thread/INFO] [net.neoforged.neoforge.gametest.GameTestHooks/]: Enabled Gametest Namespaces: [rtsbuilding]
[267月2026 23:42:24.708] [Render thread/INFO] [ModernUI-MC/TextLayout]: Preloaded modern text shaders
[267月2026 23:42:24.776] [Render thread/INFO] [net.minecraft.server.packs.resources.ReloadableResourceManager/]: Reloading ResourceManager: vanilla, mod_resources, mod/guideme, mod/architectury, mod/modernui, mod/lightoverlay, mod/refurbished_furniture, mod/jei, mod/ae2, mod/enderio_modded_conduits, mod/commonnetworking, mod/framework, mod/rtsbuilding, mod/cloth_config, mod/mekanism, mod/mekanismgenerators, mod/enderio, mod/journeymap_api, mod/endercore, mod/journeymap, mod/neoforge
[267月2026 23:42:24.793] [Worker-Main-6/INFO] [journeymap/]: Loaded null for service interface journeymap.api.services.WebMapService
[267月2026 23:42:24.793] [Worker-Main-7/INFO] [mekanism.common.Mekanism/]: Version 10.7.19 initializing...
[267月2026 23:42:24.794] [Worker-Main-6/INFO] [journeymap/]: Loaded journeymap.common.helpers.NeoForgeClientHooks@4f472439 for service interface journeymap.api.services.ClientPlatformService
[267月2026 23:42:24.799] [Worker-Main-6/INFO] [journeymap/]: Loaded journeymap.common.helpers.NeoForgeHooks@4aed8ba0 for service interface journeymap.api.services.CommonPlatformService
[267月2026 23:42:24.813] [Worker-Main-7/INFO] [mekanism.common.Mekanism/]: Initialized HolidayManager.
[267月2026 23:42:24.819] [Worker-Main-14/INFO] [ModernUI-MC/Glyph]: Scanned emoji shortcodes: 6923
[267月2026 23:42:24.819] [Worker-Main-4/ERROR] [net.minecraft.Util/]: Invalid path in pack: modernui:font/muii18ncompat/OFL.txt, ignoring
[267月2026 23:42:24.862] [ForkJoinPool.commonPool-worker-30/INFO] [ModernUI-MC/TextLayout]: Redirect registered font 'mui-i18n-compat' to 'modernui:mui-i18n-compat'
[267月2026 23:42:24.862] [ForkJoinPool.commonPool-worker-31/INFO] [ModernUI-MC/TextLayout]: Redirect registered font 'JetBrains Mono Medium' to 'modernui:jetbrains-mono-medium'
[267月2026 23:42:24.863] [ForkJoinPool.commonPool-worker-30/INFO] [ModernUI-MC/Init]: Registered font 'mui-i18n-compat', location 'modernui:font/muii18ncompat/muii18ncompat.ttf' in pack: 'mod/modernui'
[267月2026 23:42:24.863] [ForkJoinPool.commonPool-worker-9/INFO] [ModernUI-MC/TextLayout]: Redirect registered font 'Inter Frozen Medium' to 'modernui:inter-frozen-medium'
[267月2026 23:42:24.863] [ForkJoinPool.commonPool-worker-9/INFO] [ModernUI-MC/Init]: Registered font 'Inter Frozen Medium', location 'modernui:font/inter-frozen-medium.otf' in pack: 'mod/modernui'
[267月2026 23:42:24.863] [ForkJoinPool.commonPool-worker-31/INFO] [ModernUI-MC/Init]: Registered font 'JetBrains Mono Medium', location 'modernui:font/jetbrains-mono-medium.ttf' in pack: 'mod/modernui'
[267月2026 23:42:24.863] [ForkJoinPool.commonPool-worker-29/INFO] [ModernUI-MC/Init]: Registered font 'Inter Frozen Medium', location 'modernui:font/inter-frozen-medium-italic.otf' in pack: 'mod/modernui'
[267月2026 23:42:24.864] [Worker-Main-7/INFO] [mekanism.common.Mekanism/]: Fake player readout: UUID = 46e82cd0-d480-3d48-800a-77431ede078e, name = [Mekanism]
[267月2026 23:42:24.864] [Worker-Main-7/INFO] [mekanism.common.Mekanism/]: Mod loaded.
[267月2026 23:42:24.865] [Worker-Main-7/INFO] [mekanism.common.Mekanism/]: Loaded 'Mekanism: Generators' module.
[267月2026 23:42:24.880] [Worker-Main-9/INFO] [ModernUI-MC/Glyph]: Scanned emoji map size: 3581
[267月2026 23:42:24.887] [ForkJoinPool.commonPool-worker-24/INFO] [ModernUI-MC/TextLayout]: Redirect registered font 'Source Han Sans CN Medium' to 'modernui:source-han-sans-cn-medium'
[267月2026 23:42:24.887] [ForkJoinPool.commonPool-worker-24/INFO] [ModernUI-MC/Init]: Registered font 'Source Han Sans CN Medium', location 'modernui:font/source-han-sans-cn-medium.otf' in pack: 'mod/modernui'
[267月2026 23:42:24.898] [Worker-Main-4/INFO] [ModernUI-MC/Init]: Font 'Noto Sans' failed to load or invalid
[267月2026 23:42:24.906] [Worker-Main-4/INFO] [ModernUI-MC/Init]: Font 'San Francisco' failed to load or invalid
[267月2026 23:42:24.914] [Worker-Main-4/INFO] [ModernUI-MC/Init]: Font 'Open Sans' failed to load or invalid
[267月2026 23:42:24.923] [Worker-Main-4/INFO] [ModernUI-MC/Init]: Font 'STHeiti' failed to load or invalid
[267月2026 23:42:24.925] [Worker-Main-4/INFO] [ModernUI-MC/Init]: Loaded typeface: FontCollection{mFamilies=[Inter Frozen Medium, Source Han Sans CN Medium, Segoe UI Variable, Segoe UI, SimHei, Segoe UI Symbol, mui-i18n-compat], mExclusiveEastAsianBits=null}
[267月2026 23:42:24.926] [Worker-Main-4/ERROR] [net.minecraft.Util/]: Invalid path in pack: modernui:font/muii18ncompat/OFL.txt, ignoring
[267月2026 23:42:24.945] [NeoForge Version Check/INFO] [net.neoforged.fml.VersionChecker/]: [journeymap] Starting version check at https://neoforge.curseupdate.com/32274/journeymap
[267月2026 23:42:24.957] [Worker-Main-5/INFO] [com.rtsbuilding.rtsbuilding.RtsbuildingMod/]: [PipelineRegistry] Registered pipeline 'MINE_SINGLE' with 8 pipe(s)
[267月2026 23:42:24.970] [Worker-Main-5/INFO] [com.rtsbuilding.rtsbuilding.RtsbuildingMod/]: [PipelineRegistry] Registered pipeline 'ULTIMINE' with 10 pipe(s)
[267月2026 23:42:24.971] [Worker-Main-5/INFO] [com.rtsbuilding.rtsbuilding.RtsbuildingMod/]: [PipelineRegistry] Registered pipeline 'AREA_MINE' with 10 pipe(s)
[267月2026 23:42:24.971] [Worker-Main-5/INFO] [com.rtsbuilding.rtsbuilding.RtsbuildingMod/]: [PipelineRegistry] Registered pipeline 'AREA_DESTROY' with 8 pipe(s)
[267月2026 23:42:24.973] [Worker-Main-5/INFO] [com.rtsbuilding.rtsbuilding.RtsbuildingMod/]: [PipelineRegistry] Registered pipeline 'PLACE_SINGLE' with 4 pipe(s)
[267月2026 23:42:24.975] [Worker-Main-5/INFO] [com.rtsbuilding.rtsbuilding.RtsbuildingMod/]: [PipelineRegistry] Registered pipeline 'PLACE_BATCH' with 5 pipe(s)
[267月2026 23:42:24.975] [Worker-Main-5/INFO] [com.rtsbuilding.rtsbuilding.RtsbuildingMod/]: [PipelineRegistry] Registered pipeline 'QUICK_BUILD' with 4 pipe(s)
[267月2026 23:42:24.986] [Worker-Main-5/INFO] [com.rtsbuilding.rtsbuilding.RtsbuildingMod/]: [PipelineRegistry] Registered pipeline 'BLUEPRINT_BUILD' with 5 pipe(s)
[267月2026 23:42:24.988] [Worker-Main-5/INFO] [com.rtsbuilding.rtsbuilding.RtsbuildingMod/]: [PipelineRegistry] Registered pipeline 'STOP_MINING' with 2 pipe(s)
[267月2026 23:42:25.039] [Worker-Main-5/INFO] [com.rtsbuilding.rtsbuilding.RtsbuildingMod/]: RTSBuilding 通用初始化完成
[267月2026 23:42:25.043] [Render thread/INFO] [ModernUI-MC/TextLayout]: Loaded smart SDF text shaders
[267月2026 23:42:25.044] [Render thread/INFO] [ModernUI-MC/Glyph]: Reloaded glyph manager
[267月2026 23:42:25.044] [Worker-Main-31/ERROR] [net.minecraft.client.resources.model.ModelManager/]: Failed to load model enderio:models/block/athena/advanced_capacitor_bank_part.json
com.google.gson.JsonParseException: Model loader 'athena:athena' not found. Registered loaders: mekanism:transmitter, mekanism:energy_cube, endercore:modloaded, neoforge:empty, enderio:conduit_item, enderio:conduit, enderio:facades_item, neoforge:item_layers, enderio:painted_block, enderio:io_overlay, neoforge:separate_transforms, mekanism:data_based, mekanism:robit, neoforge:elements, framework:open_model, neoforge:obj, neoforge:fluid_container, neoforge:composite, guideme:guide_item_dispatcher
	at TRANSFORMER/neoforge@21.1.219/net.neoforged.neoforge.client.model.ExtendedBlockModelDeserializer.deserializeGeometry(ExtendedBlockModelDeserializer.java:102) ~[neoforge-21.1.219.jar%23192!/:?]
	at TRANSFORMER/neoforge@21.1.219/net.neoforged.neoforge.client.model.ExtendedBlockModelDeserializer.deserialize(ExtendedBlockModelDeserializer.java:53) ~[neoforge-21.1.219.jar%23192!/:?]
	at TRANSFORMER/neoforge@21.1.219/net.neoforged.neoforge.client.model.ExtendedBlockModelDeserializer.deserialize(ExtendedBlockModelDeserializer.java:37) ~[neoforge-21.1.219.jar%23192!/:?]
	at MC-BOOTSTRAP/com.google.gson@2.10.1/com.google.gson.internal.bind.TreeTypeAdapter.read(TreeTypeAdapter.java:76) ~[gson-2.10.1.jar%23111!/:?]
	at TRANSFORMER/minecraft@1.21.1/net.minecraft.util.GsonHelper.fromNullableJson(GsonHelper.java:507) ~[neoforge-21.1.219.jar%23191!/:?]
	at TRANSFORMER/minecraft@1.21.1/net.minecraft.util.GsonHelper.fromJson(GsonHelper.java:514) ~[neoforge-21.1.219.jar%23191!/:?]
	at TRANSFORMER/minecraft@1.21.1/net.minecraft.util.GsonHelper.fromJson(GsonHelper.java:566) ~[neoforge-21.1.219.jar%23191!/:?]
	at TRANSFORMER/minecraft@1.21.1/net.minecraft.client.renderer.block.model.BlockModel.fromStream(BlockModel.java:83) ~[neoforge-21.1.219.jar%23191!/:?]
	at TRANSFORMER/minecraft@1.21.1/net.minecraft.client.resources.model.ModelManager.lambda$loadBlockModels$8(ModelManager.java:144) ~[neoforge-21.1.219.jar%23191!/:?]
	at java.base/java.util.concurrent.CompletableFuture$AsyncSupply.run(CompletableFuture.java:1768) [?:?]
	at java.base/java.util.concurrent.CompletableFuture$AsyncSupply.exec(CompletableFuture.java:1760) [?:?]
	at java.base/java.util.concurrent.ForkJoinTask.doExec(ForkJoinTask.java:387) [?:?]
	at java.base/java.util.concurrent.ForkJoinPool$WorkQueue.topLevelExec(ForkJoinPool.java:1310) [?:?]
	at java.base/java.util.concurrent.ForkJoinPool.scan(ForkJoinPool.java:1841) [?:?]
	at java.base/java.util.concurrent.ForkJoinPool.runWorker(ForkJoinPool.java:1806) [?:?]
	at java.base/java.util.concurrent.ForkJoinWorkerThread.run(ForkJoinWorkerThread.java:188) [?:?]
[267月2026 23:42:25.046] [Worker-Main-19/ERROR] [net.minecraft.client.resources.model.ModelManager/]: Failed to load model enderio:models/block/athena/basic_capacitor_bank_part.json
com.google.gson.JsonParseException: Model loader 'athena:athena' not found. Registered loaders: mekanism:transmitter, mekanism:energy_cube, endercore:modloaded, neoforge:empty, enderio:conduit_item, enderio:conduit, enderio:facades_item, neoforge:item_layers, enderio:painted_block, enderio:io_overlay, neoforge:separate_transforms, mekanism:data_based, mekanism:robit, neoforge:elements, framework:open_model, neoforge:obj, neoforge:fluid_container, neoforge:composite, guideme:guide_item_dispatcher
	at TRANSFORMER/neoforge@21.1.219/net.neoforged.neoforge.client.model.ExtendedBlockModelDeserializer.deserializeGeometry(ExtendedBlockModelDeserializer.java:102) ~[neoforge-21.1.219.jar%23192!/:?]
	at TRANSFORMER/neoforge@21.1.219/net.neoforged.neoforge.client.model.ExtendedBlockModelDeserializer.deserialize(ExtendedBlockModelDeserializer.java:53) ~[neoforge-21.1.219.jar%23192!/:?]
	at TRANSFORMER/neoforge@21.1.219/net.neoforged.neoforge.client.model.ExtendedBlockModelDeserializer.deserialize(ExtendedBlockModelDeserializer.java:37) ~[neoforge-21.1.219.jar%23192!/:?]
	at MC-BOOTSTRAP/com.google.gson@2.10.1/com.google.gson.internal.bind.TreeTypeAdapter.read(TreeTypeAdapter.java:76) ~[gson-2.10.1.jar%23111!/:?]
	at TRANSFORMER/minecraft@1.21.1/net.minecraft.util.GsonHelper.fromNullableJson(GsonHelper.java:507) ~[neoforge-21.1.219.jar%23191!/:?]
	at TRANSFORMER/minecraft@1.21.1/net.minecraft.util.GsonHelper.fromJson(GsonHelper.java:514) ~[neoforge-21.1.219.jar%23191!/:?]
	at TRANSFORMER/minecraft@1.21.1/net.minecraft.util.GsonHelper.fromJson(GsonHelper.java:566) ~[neoforge-21.1.219.jar%23191!/:?]
	at TRANSFORMER/minecraft@1.21.1/net.minecraft.client.renderer.block.model.BlockModel.fromStream(BlockModel.java:83) ~[neoforge-21.1.219.jar%23191!/:?]
	at TRANSFORMER/minecraft@1.21.1/net.minecraft.client.resources.model.ModelManager.lambda$loadBlockModels$8(ModelManager.java:144) ~[neoforge-21.1.219.jar%23191!/:?]
	at java.base/java.util.concurrent.CompletableFuture$AsyncSupply.run(CompletableFuture.java:1768) [?:?]
	at java.base/java.util.concurrent.CompletableFuture$AsyncSupply.exec(CompletableFuture.java:1760) [?:?]
	at java.base/java.util.concurrent.ForkJoinTask.doExec(ForkJoinTask.java:387) [?:?]
	at java.base/java.util.concurrent.ForkJoinPool$WorkQueue.topLevelExec(ForkJoinPool.java:1310) [?:?]
	at java.base/java.util.concurrent.ForkJoinPool.scan(ForkJoinPool.java:1841) [?:?]
	at java.base/java.util.concurrent.ForkJoinPool.runWorker(ForkJoinPool.java:1806) [?:?]
	at java.base/java.util.concurrent.ForkJoinWorkerThread.run(ForkJoinWorkerThread.java:188) [?:?]
[267月2026 23:42:25.046] [Worker-Main-2/ERROR] [net.minecraft.client.resources.model.ModelManager/]: Failed to load model enderio:models/block/athena/vibrant_capacitor_bank_part.json
com.google.gson.JsonParseException: Model loader 'athena:athena' not found. Registered loaders: mekanism:transmitter, mekanism:energy_cube, endercore:modloaded, neoforge:empty, enderio:conduit_item, enderio:conduit, enderio:facades_item, neoforge:item_layers, enderio:painted_block, enderio:io_overlay, neoforge:separate_transforms, mekanism:data_based, mekanism:robit, neoforge:elements, framework:open_model, neoforge:obj, neoforge:fluid_container, neoforge:composite, guideme:guide_item_dispatcher
	at TRANSFORMER/neoforge@21.1.219/net.neoforged.neoforge.client.model.ExtendedBlockModelDeserializer.deserializeGeometry(ExtendedBlockModelDeserializer.java:102) ~[neoforge-21.1.219.jar%23192!/:?]
	at TRANSFORMER/neoforge@21.1.219/net.neoforged.neoforge.client.model.ExtendedBlockModelDeserializer.deserialize(ExtendedBlockModelDeserializer.java:53) ~[neoforge-21.1.219.jar%23192!/:?]
	at TRANSFORMER/neoforge@21.1.219/net.neoforged.neoforge.client.model.ExtendedBlockModelDeserializer.deserialize(ExtendedBlockModelDeserializer.java:37) ~[neoforge-21.1.219.jar%23192!/:?]
	at MC-BOOTSTRAP/com.google.gson@2.10.1/com.google.gson.internal.bind.TreeTypeAdapter.read(TreeTypeAdapter.java:76) ~[gson-2.10.1.jar%23111!/:?]
	at TRANSFORMER/minecraft@1.21.1/net.minecraft.util.GsonHelper.fromNullableJson(GsonHelper.java:507) ~[neoforge-21.1.219.jar%23191!/:?]
	at TRANSFORMER/minecraft@1.21.1/net.minecraft.util.GsonHelper.fromJson(GsonHelper.java:514) ~[neoforge-21.1.219.jar%23191!/:?]
	at TRANSFORMER/minecraft@1.21.1/net.minecraft.util.GsonHelper.fromJson(GsonHelper.java:566) ~[neoforge-21.1.219.jar%23191!/:?]
	at TRANSFORMER/minecraft@1.21.1/net.minecraft.client.renderer.block.model.BlockModel.fromStream(BlockModel.java:83) ~[neoforge-21.1.219.jar%23191!/:?]
	at TRANSFORMER/minecraft@1.21.1/net.minecraft.client.resources.model.ModelManager.lambda$loadBlockModels$8(ModelManager.java:144) ~[neoforge-21.1.219.jar%23191!/:?]
	at java.base/java.util.concurrent.CompletableFuture$AsyncSupply.run(CompletableFuture.java:1768) [?:?]
	at java.base/java.util.concurrent.CompletableFuture$AsyncSupply.exec(CompletableFuture.java:1760) [?:?]
	at java.base/java.util.concurrent.ForkJoinTask.doExec(ForkJoinTask.java:387) [?:?]
	at java.base/java.util.concurrent.ForkJoinPool$WorkQueue.topLevelExec(ForkJoinPool.java:1310) [?:?]
	at java.base/java.util.concurrent.ForkJoinPool.scan(ForkJoinPool.java:1841) [?:?]
	at java.base/java.util.concurrent.ForkJoinPool.runWorker(ForkJoinPool.java:1806) [?:?]
	at java.base/java.util.concurrent.ForkJoinWorkerThread.run(ForkJoinWorkerThread.java:188) [?:?]
[267月2026 23:42:25.053] [Render thread/INFO] [ModernUI-MC/TextLayout]: Reloaded text layout engine, res level: 2 to 2, locale: zh_CN, layout RTL: false
[267月2026 23:42:25.170] [Worker-Main-5/WARN] [net.minecraft.client.renderer.texture.SpriteContents/]: Unused frames in sprite enderio:block/alloy_smelter_front_active: [4, 5]
[267月2026 23:42:25.276] [Worker-Main-5/WARN] [net.minecraft.client.renderer.texture.SpriteLoader/]: Texture enderio:block/item_conduit_in with size 24x24 limits mip level from 4 to 3
[267月2026 23:42:25.466] [Worker-Main-4/INFO] [ModernUI-MC/TextLayout]: Loaded raw font 'minecraft:alt' in pack: 'vanilla'
[267月2026 23:42:25.469] [Worker-Main-4/INFO] [ModernUI-MC/TextLayout]: Loaded raw font bundle: 'minecraft:font/alt.json', font set: [minecraft:include/space,minecraft:font/ascii_sga.png]
[267月2026 23:42:25.470] [Worker-Main-4/INFO] [ModernUI-MC/TextLayout]: Loaded raw font 'minecraft:default' in pack: 'vanilla'
[267月2026 23:42:25.470] [Worker-Main-4/INFO] [ModernUI-MC/TextLayout]: Loaded raw font bundle: 'minecraft:font/default.json', font set: [minecraft:include/space,minecraft:include/default]
[267月2026 23:42:25.498] [NeoForge Version Check/WARN] [net.neoforged.fml.VersionChecker/]: Failed to process update information
javax.net.ssl.SSLHandshakeException: Remote host terminated the handshake
	at java.net.http/jdk.internal.net.http.HttpClientImpl.send(HttpClientImpl.java:960) ~[java.net.http:?]
	at java.net.http/jdk.internal.net.http.HttpClientFacade.send(HttpClientFacade.java:133) ~[java.net.http:?]
	at MC-BOOTSTRAP/fml_loader@4.0.42/net.neoforged.fml.VersionChecker$1.openUrlString(VersionChecker.java:129) ~[loader-4.0.42.jar%23148!/:4.0]
	at MC-BOOTSTRAP/fml_loader@4.0.42/net.neoforged.fml.VersionChecker$1.process(VersionChecker.java:162) ~[loader-4.0.42.jar%23148!/:4.0]
	at java.base/java.lang.Iterable.forEach(Iterable.java:75) [?:?]
	at MC-BOOTSTRAP/fml_loader@4.0.42/net.neoforged.fml.VersionChecker$1.run(VersionChecker.java:105) [loader-4.0.42.jar%23148!/:4.0]
Caused by: javax.net.ssl.SSLHandshakeException: Remote host terminated the handshake
	at java.net.http/jdk.internal.net.http.common.SSLTube.checkForHandshake(SSLTube.java:595) ~[java.net.http:?]
	at java.net.http/jdk.internal.net.http.common.SSLTube$SSLTubeFlowDelegate.checkForHandshake(SSLTube.java:156) ~[java.net.http:?]
	at java.net.http/jdk.internal.net.http.common.SSLFlowDelegate$Reader.errorCommon(SSLFlowDelegate.java:383) ~[java.net.http:?]
	at java.net.http/jdk.internal.net.http.common.SubscriberWrapper.onError(SubscriberWrapper.java:412) ~[java.net.http:?]
	at java.net.http/jdk.internal.net.http.SocketTube$InternalReadPublisher$ReadSubscription.signalCompletion(SocketTube.java:645) ~[java.net.http:?]
	at java.net.http/jdk.internal.net.http.SocketTube$InternalReadPublisher$InternalReadSubscription.read(SocketTube.java:829) ~[java.net.http:?]
	at java.net.http/jdk.internal.net.http.SocketTube$SocketFlowTask.run(SocketTube.java:181) ~[java.net.http:?]
	at java.net.http/jdk.internal.net.http.common.SequentialScheduler$SchedulableTask.run(SequentialScheduler.java:207) ~[java.net.http:?]
	at java.net.http/jdk.internal.net.http.common.SequentialScheduler.runOrSchedule(SequentialScheduler.java:280) ~[java.net.http:?]
	at java.net.http/jdk.internal.net.http.common.SequentialScheduler.runOrSchedule(SequentialScheduler.java:233) ~[java.net.http:?]
	at java.net.http/jdk.internal.net.http.SocketTube$InternalReadPublisher$InternalReadSubscription.signalReadable(SocketTube.java:782) ~[java.net.http:?]
	at java.net.http/jdk.internal.net.http.SocketTube$InternalReadPublisher$ReadEvent.signalEvent(SocketTube.java:965) ~[java.net.http:?]
	at java.net.http/jdk.internal.net.http.SocketTube$SocketFlowEvent.handle(SocketTube.java:253) ~[java.net.http:?]
	at java.net.http/jdk.internal.net.http.HttpClientImpl$SelectorManager.handleEvent(HttpClientImpl.java:1477) ~[java.net.http:?]
	at java.net.http/jdk.internal.net.http.HttpClientImpl$SelectorManager.lambda$run$3(HttpClientImpl.java:1422) ~[java.net.http:?]
	at java.base/java.util.ArrayList.forEach(ArrayList.java:1596) ~[?:?]
	at java.net.http/jdk.internal.net.http.HttpClientImpl$SelectorManager.run(HttpClientImpl.java:1422) ~[java.net.http:?]
Caused by: java.net.SocketException: Connection reset
	at java.base/sun.nio.ch.SocketChannelImpl.throwConnectionReset(SocketChannelImpl.java:401) ~[?:?]
	at java.base/sun.nio.ch.SocketChannelImpl.read(SocketChannelImpl.java:434) ~[?:?]
	at java.net.http/jdk.internal.net.http.SocketTube.readAvailable(SocketTube.java:1178) ~[java.net.http:?]
	at java.net.http/jdk.internal.net.http.SocketTube$InternalReadPublisher$InternalReadSubscription.read(SocketTube.java:841) ~[java.net.http:?]
	at java.net.http/jdk.internal.net.http.SocketTube$SocketFlowTask.run(SocketTube.java:181) ~[java.net.http:?]
	at java.net.http/jdk.internal.net.http.common.SequentialScheduler$SchedulableTask.run(SequentialScheduler.java:207) ~[java.net.http:?]
	at java.net.http/jdk.internal.net.http.common.SequentialScheduler.runOrSchedule(SequentialScheduler.java:280) ~[java.net.http:?]
	at java.net.http/jdk.internal.net.http.common.SequentialScheduler.runOrSchedule(SequentialScheduler.java:233) ~[java.net.http:?]
	at java.net.http/jdk.internal.net.http.SocketTube$InternalReadPublisher$InternalReadSubscription.signalReadable(SocketTube.java:782) ~[java.net.http:?]
	at java.net.http/jdk.internal.net.http.SocketTube$InternalReadPublisher$ReadEvent.signalEvent(SocketTube.java:965) ~[java.net.http:?]
	at java.net.http/jdk.internal.net.http.SocketTube$SocketFlowEvent.handle(SocketTube.java:253) ~[java.net.http:?]
	at java.net.http/jdk.internal.net.http.HttpClientImpl$SelectorManager.handleEvent(HttpClientImpl.java:1477) ~[java.net.http:?]
	at java.net.http/jdk.internal.net.http.HttpClientImpl$SelectorManager.lambda$run$3(HttpClientImpl.java:1422) ~[java.net.http:?]
	at java.base/java.util.ArrayList.forEach(ArrayList.java:1596) ~[?:?]
	at java.net.http/jdk.internal.net.http.HttpClientImpl$SelectorManager.run(HttpClientImpl.java:1422) ~[java.net.http:?]
[267月2026 23:42:25.517] [Worker-Main-4/INFO] [ModernUI-MC/TextLayout]: Loaded raw font 'refurbished_furniture:icons' in pack: 'mod/refurbished_furniture'
[267月2026 23:42:25.517] [Worker-Main-4/INFO] [ModernUI-MC/TextLayout]: Loaded raw font bundle: 'refurbished_furniture:font/icons.json', font set: [refurbished_furniture:icons / minecraft:space,refurbished_furniture:gui/font.png]
[267月2026 23:42:25.518] [Worker-Main-4/INFO] [ModernUI-MC/TextLayout]: Loaded raw font 'minecraft:illageralt' in pack: 'vanilla'
[267月2026 23:42:25.518] [Worker-Main-4/INFO] [ModernUI-MC/TextLayout]: Loaded raw font bundle: 'minecraft:font/illageralt.json', font set: [minecraft:include/space,minecraft:font/asciillager.png]
[267月2026 23:42:25.526] [Worker-Main-4/INFO] [ModernUI-MC/TextLayout]: Loaded raw font 'minecraft:include/default' in pack: 'vanilla'
[267月2026 23:42:25.526] [Worker-Main-4/INFO] [ModernUI-MC/TextLayout]: Loaded raw font bundle: 'minecraft:font/include/default.json', font set: [minecraft:font/nonlatin_european.png,minecraft:font/accented.png,minecraft:font/ascii.png]
[267月2026 23:42:25.527] [Worker-Main-4/INFO] [ModernUI-MC/TextLayout]: Loaded raw font 'minecraft:include/space' in pack: 'vanilla'
[267月2026 23:42:25.527] [Worker-Main-4/INFO] [ModernUI-MC/TextLayout]: Loaded raw font bundle: 'minecraft:font/include/space.json', font set: [minecraft:include/space / minecraft:space]
[267月2026 23:42:25.545] [Worker-Main-4/INFO] [ModernUI-MC/TextLayout]: Loaded font: 'minecraft:include/space', font set: [minecraft:include/space / minecraft:space]
[267月2026 23:42:25.545] [Worker-Main-4/INFO] [ModernUI-MC/TextLayout]: Loaded font: 'minecraft:include/default', font set: [minecraft:font/nonlatin_european.png,minecraft:font/accented.png,minecraft:font/ascii.png]
[267月2026 23:42:25.546] [Worker-Main-4/INFO] [ModernUI-MC/TextLayout]: Loaded font: 'minecraft:default', font set: [minecraft:include/space / minecraft:space,minecraft:font/nonlatin_european.png,minecraft:font/accented.png,minecraft:font/ascii.png]
[267月2026 23:42:25.546] [Worker-Main-4/INFO] [ModernUI-MC/TextLayout]: Loaded font: 'minecraft:illageralt', font set: [minecraft:include/space / minecraft:space,minecraft:font/asciillager.png]
[267月2026 23:42:25.546] [Worker-Main-4/INFO] [ModernUI-MC/TextLayout]: Loaded font: 'refurbished_furniture:icons', font set: [refurbished_furniture:icons / minecraft:space,refurbished_furniture:gui/font.png]
[267月2026 23:42:25.546] [Worker-Main-4/INFO] [ModernUI-MC/TextLayout]: Loaded font: 'minecraft:alt', font set: [minecraft:include/space / minecraft:space,minecraft:font/ascii_sga.png]
[267月2026 23:42:25.673] [Render thread/INFO] [Framework/SYNCED_ENTITY_DATA]: Registered synced data key refurbished_furniture:lock_yaw for refurbished_furniture:seat
[267月2026 23:42:25.933] [Worker-Main-5/INFO] [ModernUI-MC/Init]: Loaded modern text engine
[267月2026 23:42:25.964] [Worker-Main-21/WARN] [net.minecraft.client.resources.model.ModelBakery/]: Unable to load model: 'enderio:block/block_detector' referenced from: enderio:block/block_detector: java.io.FileNotFoundException: enderio:models/block/block_detector.json
[267月2026 23:42:25.975] [Worker-Main-21/WARN] [net.minecraft.client.resources.model.ModelBakery/]: Unable to load model: 'modernui:item/project_builder' referenced from: modernui:item/project_builder: java.io.FileNotFoundException: modernui:models/item/project_builder.json
[267月2026 23:42:25.999] [Worker-Main-21/WARN] [net.minecraft.client.resources.model.ModelBakery/]: Unable to load model: 'modernui:item/project_builder_cube' referenced from: modernui:item/project_builder_cube: java.io.FileNotFoundException: modernui:models/item/project_builder_cube.json
[267月2026 23:42:25.999] [Worker-Main-21/WARN] [net.minecraft.client.resources.model.ModelBakery/]: Unable to load model: 'modernui:item/project_builder_main' referenced from: modernui:item/project_builder_main: java.io.FileNotFoundException: modernui:models/item/project_builder_main.json
[267月2026 23:42:26.224] [Render thread/INFO] [RTS-Kernel/]: RTS Kernel initialized with 9 modules
[267月2026 23:42:26.224] [Render thread/INFO] [com.rtsbuilding.rtsbuilding.RtsbuildingMod/]: RTS client kernel initialized with all modules
[267月2026 23:42:26.224] [Render thread/INFO] [journeymap/]: Journeymap Initializing
[267月2026 23:42:26.724] [Render thread/INFO] [ModernUI-MC/UIManager]: UI renderer initialized
[267月2026 23:42:28.201] [Render thread/WARN] [net.minecraft.client.sounds.SoundEngine/]: Missing sound for event: minecraft:item.goat_horn.play
[267月2026 23:42:28.201] [Render thread/WARN] [net.minecraft.client.sounds.SoundEngine/]: Missing sound for event: minecraft:entity.goat.screaming.horn_break
[267月2026 23:42:29.184] [Render thread/INFO] [com.mojang.blaze3d.audio.Library/]: OpenAL initialized on device OpenAL Soft on 扬声器 (Realtek(R) Audio)
[267月2026 23:42:29.184] [Render thread/INFO] [net.minecraft.client.sounds.SoundEngine/SOUNDS]: Sound engine started
[267月2026 23:42:29.193] [Render thread/INFO] [ModernUI-MC/Init]: Font 'Noto Sans' failed to load or invalid
[267月2026 23:42:29.198] [Render thread/INFO] [ModernUI-MC/Init]: Font 'San Francisco' failed to load or invalid
[267月2026 23:42:29.202] [Render thread/INFO] [ModernUI-MC/Init]: Font 'Open Sans' failed to load or invalid
[267月2026 23:42:29.207] [Render thread/INFO] [ModernUI-MC/Init]: Font 'STHeiti' failed to load or invalid
[267月2026 23:42:29.208] [Render thread/INFO] [ModernUI-MC/Init]: Reloaded typeface: FontCollection{mFamilies=[Google Noto Color Emoji, Inter Frozen Medium, Source Han Sans CN Medium, Segoe UI Variable, Segoe UI, SimHei, Segoe UI Symbol, mui-i18n-compat], mExclusiveEastAsianBits=null}
[267月2026 23:42:29.208] [Render thread/INFO] [ModernUI-MC/Glyph]: Reloaded glyph manager
[267月2026 23:42:29.208] [Render thread/INFO] [ModernUI-MC/TextLayout]: Reloaded text layout engine, res level: 2 to 2, locale: zh_CN, layout RTL: false
[267月2026 23:42:29.209] [Render thread/INFO] [net.minecraft.client.renderer.texture.TextureAtlas/]: Created: 2048x2048x4 minecraft:textures/atlas/blocks.png-atlas
[267月2026 23:42:29.231] [Render thread/INFO] [net.minecraft.client.renderer.texture.TextureAtlas/]: Created: 256x256x4 minecraft:textures/atlas/signs.png-atlas
[267月2026 23:42:29.231] [Render thread/INFO] [net.minecraft.client.renderer.texture.TextureAtlas/]: Created: 512x512x4 minecraft:textures/atlas/shield_patterns.png-atlas
[267月2026 23:42:29.231] [Render thread/INFO] [net.minecraft.client.renderer.texture.TextureAtlas/]: Created: 512x512x4 minecraft:textures/atlas/banner_patterns.png-atlas
[267月2026 23:42:29.232] [Render thread/INFO] [net.minecraft.client.renderer.texture.TextureAtlas/]: Created: 64x64x4 refurbished_furniture:textures/atlas/tv_channels.png-atlas
[267月2026 23:42:29.232] [Render thread/INFO] [net.minecraft.client.renderer.texture.TextureAtlas/]: Created: 1024x1024x4 minecraft:textures/atlas/armor_trims.png-atlas
[267月2026 23:42:29.233] [Render thread/INFO] [net.minecraft.client.renderer.texture.TextureAtlas/]: Created: 128x64x4 minecraft:textures/atlas/decorated_pot.png-atlas
[267月2026 23:42:29.233] [Render thread/INFO] [net.minecraft.client.renderer.texture.TextureAtlas/]: Created: 256x256x4 minecraft:textures/atlas/chest.png-atlas
[267月2026 23:42:29.233] [Render thread/INFO] [net.minecraft.client.renderer.texture.TextureAtlas/]: Created: 512x256x4 minecraft:textures/atlas/beds.png-atlas
[267月2026 23:42:29.233] [Render thread/INFO] [net.minecraft.client.renderer.texture.TextureAtlas/]: Created: 512x256x4 minecraft:textures/atlas/shulker_boxes.png-atlas
[267月2026 23:42:29.455] [Render thread/INFO] [net.minecraft.client.renderer.texture.TextureAtlas/]: Created: 512x256x0 minecraft:textures/atlas/particles.png-atlas
[267月2026 23:42:29.459] [Render thread/INFO] [net.minecraft.client.renderer.texture.TextureAtlas/]: Created: 512x256x0 minecraft:textures/atlas/paintings.png-atlas
[267月2026 23:42:29.460] [Render thread/INFO] [net.minecraft.client.renderer.texture.TextureAtlas/]: Created: 256x128x0 minecraft:textures/atlas/mob_effects.png-atlas
[267月2026 23:42:29.460] [Render thread/INFO] [net.minecraft.client.renderer.texture.TextureAtlas/]: Created: 64x64x0 minecraft:textures/atlas/map_decorations.png-atlas
[267月2026 23:42:29.460] [Render thread/INFO] [net.minecraft.client.renderer.texture.TextureAtlas/]: Created: 1024x1024x0 minecraft:textures/atlas/gui.png-atlas
[267月2026 23:42:29.491] [Render thread/WARN] [net.minecraft.client.renderer.ShaderInstance/]: Shader rendertype_entity_translucent_emissive could not find sampler named Sampler2 in the specified shader program.
[267月2026 23:42:29.534] [Render thread/WARN] [net.minecraft.client.renderer.ShaderInstance/]: Shader journeymap:sepia_3 could not find uniform named ColorModulator in the specified shader program.
[267月2026 23:42:29.536] [Render thread/WARN] [net.minecraft.client.renderer.ShaderInstance/]: Shader journeymap:sepia_2 could not find uniform named ColorModulator in the specified shader program.
[267月2026 23:42:29.536] [Render thread/WARN] [net.minecraft.client.renderer.ShaderInstance/]: Shader journeymap:sepia_1 could not find uniform named ColorModulator in the specified shader program.
[267月2026 23:42:29.563] [Render thread/INFO] [guideme.internal.GuideReloadListener/]: Data driven guides: []
[267月2026 23:42:29.577] [Render thread/INFO] [net.minecraft.client.renderer.texture.TextureAtlas/]: Created: 256x256x0 jei:textures/atlas/gui.png-atlas
[267月2026 23:42:29.578] [Render thread/INFO] [net.minecraft.client.renderer.texture.TextureAtlas/]: Created: 512x256x0 mekanism:textures/atlas/robit.png-atlas
[267月2026 23:42:29.583] [Render thread/INFO] [net.neoforged.neoforge.client.entity.animation.json.AnimationLoader/]: Loaded 0 entity animations
[267月2026 23:42:33.458] [Render thread/INFO] [ModernUI-MC/TextLayout]: Reloaded text layout engine, res level: 2 to 4, locale: zh_CN, layout RTL: false
[267月2026 23:42:35.044] [Worker-Main-29/INFO] [AE2:C/]: Scanning class appeng.server.testplots.AutoCraftingTestPlots for plots
[267月2026 23:42:35.046] [Worker-Main-29/INFO] [AE2:C/]: Scanning class appeng.server.testplots.SpawnExtraGridTestTools for plots
[267月2026 23:42:35.046] [Worker-Main-29/INFO] [AE2:C/]: Scanning class appeng.server.testplots.PatternProviderPlots for plots
[267月2026 23:42:35.046] [Worker-Main-29/INFO] [AE2:C/]: Scanning class appeng.server.testplots.CrystalResonanceGeneratorTestPlots for plots
[267月2026 23:42:35.046] [Worker-Main-29/INFO] [AE2:C/]: Scanning class appeng.server.testplots.InterfaceTestPlots for plots
[267月2026 23:42:35.046] [Worker-Main-29/INFO] [AE2:C/]: Scanning class appeng.server.testplots.PatternProviderLockModePlots for plots
[267月2026 23:42:35.046] [Worker-Main-29/INFO] [AE2:C/]: Scanning class appeng.server.testplots.ItemP2PTestPlots for plots
[267月2026 23:42:35.047] [Worker-Main-29/INFO] [AE2:C/]: Scanning class appeng.server.testplots.InvalidPatternTestPlot for plots
[267月2026 23:42:35.047] [Worker-Main-29/INFO] [AE2:C/]: Scanning class appeng.server.testplots.MemoryCardTestPlots for plots
[267月2026 23:42:35.047] [Worker-Main-29/INFO] [AE2:C/]: Scanning class appeng.server.testplots.AnnihilationPlaneTests for plots
[267月2026 23:42:35.047] [Worker-Main-29/INFO] [AE2:C/]: Scanning class appeng.server.testplots.InscriberTestPlots for plots
[267月2026 23:42:35.052] [Worker-Main-29/INFO] [AE2:C/]: Scanning class appeng.server.testplots.GuidebookPlot for plots
[267月2026 23:42:35.052] [Worker-Main-29/INFO] [AE2:C/]: Scanning class appeng.server.testplots.SubnetPlots for plots
[267月2026 23:42:35.052] [Worker-Main-29/INFO] [AE2:C/]: Scanning class appeng.server.testplots.P2PTestPlots for plots
[267月2026 23:42:35.052] [Worker-Main-29/INFO] [AE2:C/]: Scanning class appeng.server.testplots.QnbTestPlots for plots
[267月2026 23:42:35.052] [Worker-Main-29/INFO] [AE2:C/]: Scanning class appeng.server.testplots.ExternalEnergyTestPlots for plots
[267月2026 23:42:35.052] [Worker-Main-29/INFO] [AE2:C/]: Scanning class appeng.server.testplots.ChannelTests for plots
[267月2026 23:42:35.052] [Worker-Main-29/INFO] [AE2:C/]: Scanning class appeng.server.testplots.TestPlots for plots
[267月2026 23:42:35.053] [Worker-Main-29/INFO] [AE2:C/]: Scanning class appeng.server.testplots.SpatialTestPlots for plots
[267月2026 23:42:35.449] [Render thread/INFO] [net.minecraft.world.item.crafting.RecipeManager/]: Loaded 5512 recipes
[267月2026 23:42:35.663] [Render thread/INFO] [net.minecraft.advancements.AdvancementTree/]: Loaded 3602 advancements
[267月2026 23:42:35.673] [Render thread/INFO] [com.enderio.enderio.foundation.souldata.SoulDataReloadListener/]: Data loader for eio_soul/engine loaded 6 jsons
[267月2026 23:42:35.673] [Render thread/INFO] [com.enderio.enderio.foundation.souldata.SoulDataReloadListener/]: Data loader for eio_soul/spawner loaded 81 jsons
[267月2026 23:42:35.673] [Render thread/INFO] [com.enderio.enderio.foundation.souldata.SoulDataReloadListener/]: Data loader for eio_soul/solar loaded 1 jsons
[267月2026 23:42:35.674] [Render thread/INFO] [com.enderio.enderio.foundation.souldata.SoulDataReloadListener/]: Data loader for eio_soul/farm loaded 3 jsons
[267月2026 23:42:36.236] [Server thread/INFO] [net.minecraft.client.server.IntegratedServer/]: Starting integrated minecraft server version 1.21.1
[267月2026 23:42:36.236] [Server thread/INFO] [net.minecraft.server.MinecraftServer/]: Generating keypair
[267月2026 23:42:36.342] [Server thread/INFO] [Framework/]: Loading server configs...
[267月2026 23:42:36.460] [Server thread/INFO] [net.minecraft.server.MinecraftServer/]: Preparing start region for dimension minecraft:overworld
[267月2026 23:42:36.668] [progressListener/INFO] [net.minecraft.server.level.progress.LoggerChunkProgressListener/]: 准备生成区域中：0%
[267月2026 23:42:36.771] [Server thread/INFO] [net.neoforged.neoforge.server.permission.PermissionAPI/]: Successfully initialized permission handler neoforge:default_handler
[267月2026 23:42:36.771] [Server thread/INFO] [com.rtsbuilding.rtsbuilding.RtsbuildingMod/]: 服务器正在启动……
[267月2026 23:42:36.784] [progressListener/INFO] [net.minecraft.server.level.progress.LoggerChunkProgressListener/]: Time elapsed: 315 ms
[267月2026 23:42:37.167] [Server thread/INFO] [net.minecraft.client.server.IntegratedServer/]: Changing view distance to 12, from 10
[267月2026 23:42:37.167] [Server thread/INFO] [net.minecraft.client.server.IntegratedServer/]: Changing simulation distance to 12, from 0
[267月2026 23:42:37.711] [Server thread/INFO] [net.minecraft.server.players.PlayerList/]: Dev[local:E:5fe2acf1] logged in with entity id 29 at (19.02573384102386, -60.0, 67.06722603977332)
[267月2026 23:42:37.791] [Server thread/INFO] [net.minecraft.server.MinecraftServer/]: Dev加入了游戏
[267月2026 23:42:38.246] [Render thread/INFO] [mezz.jei.core.util.LoggedTimer/]: Starting JEI...
[267月2026 23:42:38.267] [Render thread/INFO] [mezz.jei.library.load.PluginCaller/]: Registering item subtypes...
[267月2026 23:42:38.287] [Render thread/INFO] [mezz.jei.library.load.PluginCallerTimerRunnable/]: Registering item subtypes: jei:minecraft took 18.47 milliseconds
[267月2026 23:42:38.291] [Render thread/INFO] [mezz.jei.library.load.PluginCaller/]: Registering item subtypes took 23.57 milliseconds
[267月2026 23:42:38.292] [Render thread/INFO] [mezz.jei.library.load.PluginCaller/]: Registering fluid subtypes...
[267月2026 23:42:38.297] [Render thread/INFO] [mezz.jei.library.load.PluginCaller/]: Registering fluid subtypes took 5.358 milliseconds
[267月2026 23:42:38.306] [Render thread/INFO] [mezz.jei.library.load.PluginCaller/]: Registering ingredients...
[267月2026 23:42:38.349] [Render thread/WARN] [mezz.jei.library.plugins.vanilla.ingredients.ItemStackListFactory/]: 20 duplicate items were found in '应用能源2' creative tab's: displayItems
This may indicate that these types of item need a subtype interpreter added to JEI:
[ChargedStaffItem[charged_staff], PortableCellItem[portable_item_cell_16k], PortableCellItem[portable_item_cell_4k], PortableCellItem[portable_fluid_cell_4k], PortableCellItem[portable_fluid_cell_16k], ae2:energy_cell, ColorApplicatorItem[color_applicator], PortableCellItem[portable_item_cell_256k], PortableCellItem[portable_fluid_cell_64k], PortableCellItem[portable_fluid_cell_256k], PortableCellItem[portable_item_cell_1k], ae2:dense_energy_cell, MatterCannonItem[matter_cannon], PortableCellItem[portable_fluid_cell_1k], PortableCellItem[portable_item_cell_64k], AnnihilationPlanePartItem[annihilation_plane], WirelessTerminalItem[wireless_terminal], WirelessCraftingTerminalItem[wireless_crafting_terminal], EntropyManipulatorItem[entropy_manipulator]]
[267月2026 23:42:38.355] [Render thread/WARN] [mezz.jei.library.plugins.vanilla.ingredients.ItemStackListFactory/]: 1176 duplicate items were found in '应用能源2 - 伪装板' creative tab's: displayItems
This may indicate that these types of item need a subtype interpreter added to JEI:
[FacadeItem[facade]]
[267月2026 23:42:38.365] [Render thread/WARN] [mezz.jei.library.plugins.vanilla.ingredients.ItemStackListFactory/]: 5 duplicate items were found in '末影接口' creative tab's: displayItems
This may indicate that these types of item need a subtype interpreter added to JEI:
[enderio:electromagnet, enderio:staff_of_travelling, enderio:void_vial, enderio:cold_fire_igniter, enderio:staff_of_levity]
[267月2026 23:42:38.402] [Render thread/INFO] [mezz.jei.library.load.PluginCallerTimerRunnable/]: Registering ingredients: jei:minecraft took 95.31 milliseconds
[267月2026 23:42:38.410] [Render thread/INFO] [mezz.jei.library.load.PluginCaller/]: Registering ingredients took 103.9 milliseconds
[267月2026 23:42:38.411] [Render thread/INFO] [mezz.jei.library.load.PluginCaller/]: Registering extra ingredients...
[267月2026 23:42:38.411] [Render thread/INFO] [mezz.jei.library.load.PluginCaller/]: Registering extra ingredients took 654.4 microseconds
[267月2026 23:42:38.412] [Render thread/INFO] [mezz.jei.library.load.PluginCaller/]: Registering search ingredient aliases...
[267月2026 23:42:38.444] [Render thread/INFO] [mezz.jei.library.load.PluginCallerTimerRunnable/]: Registering search ingredient aliases: mekanism:jei_plugin took 31.12 milliseconds
[267月2026 23:42:38.448] [Render thread/INFO] [mezz.jei.library.load.PluginCaller/]: Registering search ingredient aliases took 36.38 milliseconds
[267月2026 23:42:38.506] [Render thread/INFO] [mezz.jei.library.load.PluginCaller/]: Registering Mod Info...
[267月2026 23:42:38.507] [Render thread/INFO] [mezz.jei.library.load.PluginCaller/]: Registering Mod Info took 674.4 microseconds
[267月2026 23:42:38.563] [Render thread/INFO] [mezz.jei.library.load.PluginCaller/]: Registering categories...
[267月2026 23:42:38.631] [Render thread/INFO] [mezz.jei.library.load.PluginCallerTimerRunnable/]: Registering categories: jei:minecraft took 67.01 milliseconds
[267月2026 23:42:38.666] [Render thread/INFO] [mezz.jei.library.load.PluginCallerTimerRunnable/]: Registering categories: refurbished_furniture:plugin took 35.77 milliseconds
[267月2026 23:42:38.878] [Render thread/INFO] [mezz.jei.library.load.PluginCallerTimerRunnable/]: Registering categories: mekanism:jei_plugin took 210.4 milliseconds
[267月2026 23:42:38.937] [Render thread/INFO] [mezz.jei.library.load.PluginCallerTimerRunnable/]: Registering categories: enderio:machines took 43.90 milliseconds
[267月2026 23:42:38.957] [Render thread/INFO] [mezz.jei.library.load.PluginCallerTimerRunnable/]: Registering categories: jei:internal took 20.67 milliseconds
[267月2026 23:42:38.958] [Render thread/INFO] [mezz.jei.library.load.PluginCaller/]: Registering categories took 395.0 milliseconds
[267月2026 23:42:38.979] [Render thread/INFO] [mezz.jei.library.load.PluginCaller/]: Registering vanilla category extensions...
[267月2026 23:42:38.992] [Render thread/INFO] [mezz.jei.library.load.PluginCallerTimerRunnable/]: Registering vanilla category extensions: jei:minecraft took 11.95 milliseconds
[267月2026 23:42:38.995] [Render thread/INFO] [mezz.jei.library.load.PluginCaller/]: Registering vanilla category extensions took 16.43 milliseconds
[267月2026 23:42:39.001] [Render thread/INFO] [mezz.jei.library.load.PluginCaller/]: Registering recipe catalysts...
[267月2026 23:42:39.004] [Render thread/INFO] [mezz.jei.library.load.PluginCaller/]: Registering recipe catalysts took 3.843 milliseconds
[267月2026 23:42:39.007] [Render thread/INFO] [mezz.jei.core.util.LoggedTimer/]: Building recipe registry...
[267月2026 23:42:39.094] [Render thread/INFO] [mezz.jei.core.util.LoggedTimer/]: Building recipe registry took 87.75 milliseconds
[267月2026 23:42:39.101] [Render thread/INFO] [mezz.jei.library.load.PluginCaller/]: Registering advanced plugins...
[267月2026 23:42:39.102] [Render thread/INFO] [mezz.jei.library.load.PluginCaller/]: Registering advanced plugins took 769.4 microseconds
[267月2026 23:42:39.106] [Render thread/INFO] [mezz.jei.library.load.PluginCaller/]: Registering recipes...
[267月2026 23:42:39.536] [Render thread/INFO] [mezz.jei.library.load.PluginCallerTimerRunnable/]: Registering recipes: jei:minecraft took 428.9 milliseconds
[267月2026 23:42:39.550] [Render thread/INFO] [mezz.jei.library.load.PluginCallerTimerRunnable/]: Registering recipes: refurbished_furniture:plugin took 13.17 milliseconds
[267月2026 23:42:39.618] [Render thread/INFO] [mezz.jei.library.load.PluginCallerTimerRunnable/]: Registering recipes: mekanism:jei_plugin took 69.16 milliseconds
[267月2026 23:42:39.632] [Render thread/INFO] [mezz.jei.library.ingredients.IngredientManager/]: Ingredients are being removed at runtime: 83 net.minecraft.world.item.ItemStack
[267月2026 23:42:39.637] [Render thread/INFO] [mezz.jei.library.ingredients.IngredientManager/]: Ingredients are being removed at runtime: 672 net.minecraft.world.item.ItemStack
[267月2026 23:42:39.639] [Render thread/INFO] [mezz.jei.library.load.PluginCallerTimerRunnable/]: Registering recipes: enderio:base took 13.60 milliseconds
[267月2026 23:42:39.673] [Render thread/INFO] [mezz.jei.library.load.PluginCallerTimerRunnable/]: Registering recipes: enderio:machines took 33.04 milliseconds
[267月2026 23:42:39.708] [Render thread/INFO] [mezz.jei.library.load.PluginCallerTimerRunnable/]: Registering recipes: jei:internal took 35.27 milliseconds
[267月2026 23:42:39.708] [Render thread/INFO] [mezz.jei.library.load.PluginCaller/]: Registering recipes took 601.6 milliseconds
[267月2026 23:42:39.726] [Render thread/INFO] [mezz.jei.library.load.PluginCaller/]: Registering recipes transfer handlers...
[267月2026 23:42:39.750] [Render thread/INFO] [mezz.jei.library.load.PluginCaller/]: Registering recipes transfer handlers took 24.18 milliseconds
[267月2026 23:42:39.767] [Render thread/INFO] [mezz.jei.core.util.LoggedTimer/]: Building runtime...
[267月2026 23:42:39.773] [Render thread/INFO] [mezz.jei.library.load.PluginCaller/]: Registering gui handlers...
[267月2026 23:42:39.799] [Render thread/INFO] [mezz.jei.library.load.PluginCallerTimerRunnable/]: Registering gui handlers: jei:gui took 13.30 milliseconds
[267月2026 23:42:39.808] [Render thread/INFO] [mezz.jei.library.load.PluginCaller/]: Registering gui handlers took 35.24 milliseconds
[267月2026 23:42:39.820] [Render thread/INFO] [mezz.jei.library.load.PluginCaller/]: Registering Runtime...
[267月2026 23:42:39.824] [Render thread/INFO] [mezz.jei.gui.startup.JeiGuiStarter/]: Starting JEI GUI
[267月2026 23:42:39.825] [Render thread/INFO] [mezz.jei.core.util.LoggedTimer/]: Building ingredient list...
[267月2026 23:42:39.869] [Render thread/INFO] [mezz.jei.core.util.LoggedTimer/]: Building ingredient list took 43.43 milliseconds
[267月2026 23:42:39.869] [Render thread/INFO] [mezz.jei.core.util.LoggedTimer/]: Building ingredient filter...
[267月2026 23:42:39.965] [Render thread/INFO] [mezz.jei.gui.ingredients.IngredientFilter/]: Adding 3514 ingredients
[267月2026 23:42:40.213] [Render thread/INFO] [mezz.jei.gui.ingredients.IngredientFilter/]: Added 3514 ingredients
[267月2026 23:42:40.215] [Render thread/INFO] [mezz.jei.core.util.LoggedTimer/]: Building ingredient filter took 345.8 milliseconds
[267月2026 23:42:40.407] [Render thread/INFO] [mezz.jei.library.load.PluginCallerTimerRunnable/]: Registering Runtime: jei:neoforge_gui took 585.8 milliseconds
[267月2026 23:42:40.407] [Render thread/INFO] [mezz.jei.library.load.PluginCaller/]: Registering Runtime took 586.6 milliseconds
[267月2026 23:42:40.410] [Render thread/INFO] [mezz.jei.core.util.LoggedTimer/]: Building runtime took 642.5 milliseconds
[267月2026 23:42:40.411] [Render thread/INFO] [mezz.jei.library.load.PluginCaller/]: Sending Runtime...
[267月2026 23:42:40.411] [Render thread/INFO] [mezz.jei.library.load.PluginCaller/]: Sending Runtime took 516.2 microseconds
[267月2026 23:42:40.411] [Render thread/INFO] [mezz.jei.core.util.LoggedTimer/]: Starting JEI took 2.165 seconds
[267月2026 23:42:40.482] [Render thread/INFO] [net.minecraft.client.gui.components.ChatComponent/]: [System] [CHAT] [Warning] Ender IO is in alpha - expect bugs and take backups often!
[267月2026 23:42:40.512] [Render thread/INFO] [net.minecraft.advancements.AdvancementTree/]: Loaded 7 advancements
[267月2026 23:42:41.643] [Render thread/INFO] [net.minecraft.client.gui.components.ChatComponent/]: [System] [CHAT] JourneyMap: 按 [J]
