[23:42:26] [Render thread/INFO] [JMLogger] JourneyMap log initialized.
[23:42:26] [Render thread/INFO] [JourneymapClient] initialize ENTER
[23:42:26] [Render thread/INFO] [ClientAPI] [ClientAPI] built with JourneyMap API 2.0.0
[23:42:26] [Render thread/DEBUG] [JourneymapClient] Loading and Generating Journeymap configs
[23:42:26] [Render thread/WARN] [PropertiesBase] core (Initialized) Bad configField entry during updateFrom(): optionsManagerViewed=null
[23:42:26] [Render thread/WARN] [PropertiesBase] core (Initialized) Bad configField entry during updateFrom(): splashViewed=null
[23:42:26] [Render thread/INFO] [?] Version: JourneyMap 1.21.1-6.0.0, built with neoforge 0.116.7+1.21.1
neoforge: 21.1.219
Environment: os.name, os.arch, java.version, user.country, user.language=null, game language=zh_cn, locale=zh_cn
SP: : 新的世界 : 
MP: : offline : 
Features: 
	RadarPlayers : singleplayer = true , multiplayer = true
	RadarAnimals : singleplayer = true , multiplayer = true
	RadarMobs : singleplayer = true , multiplayer = true
	RadarVillagers : singleplayer = true , multiplayer = true
	MapTopo : singleplayer = true , multiplayer = true
	MapSurface : singleplayer = true , multiplayer = true
	MapCaves : singleplayer = true , multiplayer = true
	MapBiome : singleplayer = true , multiplayer = true
MiniMapProperties{state=Valid, file=journeymap.minimap.config, configVersion=6.0.0, infoSlotTimeFormat=HH:mm:ss, zoomLevel=512, compassFontScale=1.0, infoSlotFontScale=1.0, terrainAlpha=100, showEntityNames=false, showPassiveNames=false, positionX=0.9, positionY=0.25, effectVertical=false, showPlayerHeading=true, sizePercent=30, playerDisplayScale=1.0, showDayNight=true, showPets=true, showPlayerNames=true, preferredMapType=day, showCompass=true, showNpcNames=false, mobDisplay=jm.common.entity_display.dots_and_outlined_icons, showHostileNames=false, systemTimeRealFormat=HH:mm:ss, shape=jm.minimap.shape_circle, showSelf=true, showVillagerNames=false, selfDisplayScale=1.0, showGrid=true, reticleOrientation=jm.minimap.orientation.compass, minimapLockedMapType=jm.common.map_type.auto, effectTranslateX=0, info3LabelPosition=jm.minimap.info_slot.bottom, showWaypoints=true, info2LabelPosition=jm.minimap.info_slot.top, minimapKeyMovementSpeed=0.001, info1LabelPosition=jm.minimap.info_slot.top, showAnimals=true, infoSlotAlpha=0.7, effectTranslateY=0, showWaypointLabels=true, showAmbientNames=false, moveEffectIcons=true, showTeamNames=true, position=jm.minimap.position_topright, fontScale=1.0, info4LabelPosition=jm.minimap.info_slot.bottom, showPlayers=true, waypointIconScale=1.0, frameAlpha=100, effectReversed=false, backgroundAlpha=0.8, enabled=true, showVillagers=true, info2Label=jm.theme.labelsource.gametime, hudRenderLayer=jm.minimap.hud_render_layer_last, info3Label=jm.theme.labelsource.location, caveLayer=4, showMobs=true, waypointLabelScale=1.0, showReticle=true, orientation=jm.minimap.orientation.north, info4Label=jm.theme.labelsource.biome, locationFormat=xzyv, playerDisplay=jm.common.entity_display.outlined_icons, mobDisplayScale=1.0, showOffScreenPlayers=true, showCaves=true, hideEffectIcons=false, showMobHeading=true, locationFormatVerbose=true, showAmbientCreatures=false, showPetNames=false, info1Label=jm.theme.labelsource.blank, showNoIconNames=true}
MiniMapProperties{state=Valid, file=journeymap.minimap2.config, configVersion=6.0.0, infoSlotTimeFormat=HH:mm:ss, zoomLevel=512, compassFontScale=1.0, infoSlotFontScale=1.0, terrainAlpha=100, showEntityNames=false, showPassiveNames=false, positionX=0.9, positionY=0.25, effectVertical=false, showPlayerHeading=true, sizePercent=30, playerDisplayScale=1.0, showDayNight=true, showPets=true, showPlayerNames=true, preferredMapType=day, showCompass=true, showNpcNames=false, mobDisplay=jm.common.entity_display.dots_and_outlined_icons, showHostileNames=false, systemTimeRealFormat=HH:mm:ss, shape=jm.minimap.shape_rectangle, showSelf=true, showVillagerNames=false, selfDisplayScale=1.0, showGrid=true, reticleOrientation=jm.minimap.orientation.compass, minimapLockedMapType=jm.common.map_type.auto, effectTranslateX=0, info3LabelPosition=jm.minimap.info_slot.bottom, showWaypoints=true, info2LabelPosition=jm.minimap.info_slot.top, minimapKeyMovementSpeed=0.001, info1LabelPosition=jm.minimap.info_slot.top, showAnimals=true, infoSlotAlpha=0.7, effectTranslateY=0, showWaypointLabels=true, showAmbientNames=false, moveEffectIcons=true, showTeamNames=true, position=jm.minimap.position_topright, fontScale=1.0, info4LabelPosition=jm.minimap.info_slot.bottom, showPlayers=true, waypointIconScale=1.0, frameAlpha=100, effectReversed=false, backgroundAlpha=0.8, enabled=true, showVillagers=true, info2Label=jm.theme.labelsource.gametime, hudRenderLayer=jm.minimap.hud_render_layer_last, info3Label=jm.theme.labelsource.location, caveLayer=4, showMobs=true, waypointLabelScale=1.0, showReticle=true, orientation=jm.minimap.orientation.north, info4Label=jm.theme.labelsource.biome, locationFormat=xzyv, playerDisplay=jm.common.entity_display.outlined_icons, mobDisplayScale=1.0, showOffScreenPlayers=true, showCaves=true, hideEffectIcons=false, showMobHeading=true, locationFormatVerbose=true, showAmbientCreatures=false, showPetNames=false, info1Label=jm.theme.labelsource.blank, showNoIconNames=true}
FullMapProperties{state=Valid, file=journeymap.fullmap.config, configVersion=6.0.0, zoomLevel=512, minimalMode=false, showPlayers=true, waypointIconScale=1.0, showEntityNames=false, showPassiveNames=false, showPlayerHeading=true, showVillagers=true, showPlayerLoc=true, showKeys=true, playerDisplayScale=1.0, showMobs=true, showPets=true, waypointLabelScale=1.0, showPlayerNames=true, preferredMapType=day, showNpcNames=false, mobDisplay=jm.common.entity_display.dots_and_outlined_icons, showHostileNames=false, pauseGame=false, showSelf=true, locationFormat=xzyv, playerDisplay=jm.common.entity_display.outlined_icons, showVillagerNames=false, mobDisplayScale=1.0, selfDisplayScale=1.0, showOffScreenPlayers=true, showGrid=true, showMouseLoc=true, showWaypoints=true, showCaves=true, showThemeButton=true, showAnimals=true, showMobHeading=true, showWaypointLabels=true, locationFormatVerbose=true, showAmbientNames=false, showAmbientCreatures=false, showTeamNames=true, showPetNames=false, fontScale=1.0, showNoIconNames=true}
WaypointProperties{state=Valid, file=journeymap.waypoint.config, configVersion=6.0.0, autoRemoveDeathpointDistance=2, showPlayers=false, dateFormat=MM-dd-yyyy, autoHideIconAngle=5, autoRemoveDeathpoints=false, autoHideIcon=false, autoHideLabelAngle=5, renderWaypointsWorld=true, showLabelBackground=true, showDeleteConfirmation=true, managerDimensionFocus=false, fullscreenDoubleClickToCreate=true, minDistance=4, coordinatesFormat=XZY, boldLabel=false, disableShare=false, showDeathpointlabel=true, autoHideLabelVertical=true, textureSmall=true, useActionsButton=false, beaconEnabled=true, createDeathpoints=true, disableStrikeThrough=false, renderWaypointsMap=true, showName=true, autoHideLabelVerticalAngle=10, maxDistance=0, ignoreRenderDistance=false, autoHideLabel=true, autoRemoveTempWaypoints=2, teleportCommand=/execute in {dim} run tp {name} {x} {y} {z}, showStaticBeam=true, renderWaypoints=true, wholeNumberTeleportCoords=false, timeFormat=HH:mm:ss, shaderBeacon=false, showDistance=true, showRotatingBeam=true, fontScale=2.0, managerEnabled=true}
WebMapProperties{state=Valid, file=journeymap.webmap.config, configVersion=6.0.0, port=8080, enabled=false}
CoreProperties{state=Valid, file=journeymap.core.config, configVersion=6.0.0, maxPlayersData=32, mapSurfaceAboveCaves=true, dataCachingEnabled=true, maxAmbientCreaturesData=32, optionsManagerViewed=null, announceMod=true, ignoreSnow=false, colorPassive=#bbbbbb, colorPassiveLabel=#bbbbbb, mapShadows=true, mapBlendWater=true, playerIconFade=true, renderDistanceSurfaceMax=0, seedId=false, colorPetLabel=#0077ff, radarVerticalDistance=16, mapBlendGrass=true, recordCacheStats=false, hideSneakingEntities=true, initialSortOrder=Name, colorPlayerLabel=#ffffff, revealShape=jm.minimap.shape_circle, mapBiome=true, minimapPresetOverlay=true, caveShader=jm.common.map_filter.default, colorVillagerLabel=#88e188, alwaysMapSurface=false, biomeShader=jm.common.map_filter.default, colorVillager=#88e188, mapPlants=false, colorPet=#0077ff, sortDescending=true, radarLateralDistance=64, mapBathymetry=false, mapCrops=true, maxMobsData=32, dayShader=jm.common.map_filter.default, mapPlantShadows=false, alwaysMapCaves=false, checkUpdates=true, colorHostileLabel=#ff0000, mapBlendFoliage=true, netherSurfaceLighting=true, topoMax=0, hideSpectators=false, mappingEnabled=true, colorPlayer=#ffffff, cacheVillagersData=2000, minimapMapTypeOverlay=true, logLevel=INFO, maxVillagersData=32, mapWaterBiomeColors=true, maxAnimalsData=32, mapTransparency=true, caveBlackAsClear=false, caveModeThreshold=2, legacyIcons=false, netherShader=jm.common.map_filter.default, caveIgnoreGlass=true, mapTopography=true, renderDistanceCaveMax=0, mapAntialiasing=true, colorSelf=#0000ff, cachePlayersData=2000, mapOnlyPlayerChunk=false, nightShader=jm.common.map_filter.default, cacheMobsData=3000, drawStepUpdateRate=500, cachePlayerData=1000, splashViewed=null, colorHostile=#ff0000, topoShader=jm.common.map_filter.default, allowMiniMapBehindScreens=true, cacheAnimalsData=3000, ignoreHeightmaps=false, lodsEnabled=true, themeName=Purist, mapCaveLighting=true, renderDelay=500, mobIconFade=true, serverIp=false, glErrorChecking=false, autoMapPoll=2000}
[23:42:26] [Render thread/INFO] [JourneymapClient] initialize EXIT, elapsed count 1 avg 420.57ms
[23:42:27] [Render thread/INFO] [JourneymapClientNeoForge] Journeymap PostInit
[23:42:27] [Render thread/DEBUG] [JourneymapClient] postInitialize ENTER
[23:42:27] [Render thread/INFO] [NeoForgeHooks] ModFileLocation:file:/E:/Minecraft/Minecraft%20Modding/RTSbuilding/libs/journeymap-neoforge-1.21.1-6.0.0.jar
[23:42:27] [Render thread/DEBUG] [FileHandler] ZipFilePath:E:/Minecraft/Minecraft Modding/RTSbuilding/libs/journeymap-neoforge-1.21.1-6.0.0.jar zipEntryName:assets/journeymap/theme/victorian_ destDir:.\journeymap\icon\theme\victorian_ overWrite:true fromPath:E:/Minecraft/Minecraft Modding/RTSbuilding/libs/journeymap-neoforge-1.21.1-6.0.0.jar
[23:42:27] [Render thread/INFO] [NeoForgeHooks] ModFileLocation:file:/E:/Minecraft/Minecraft%20Modding/RTSbuilding/libs/journeymap-neoforge-1.21.1-6.0.0.jar
[23:42:27] [Render thread/DEBUG] [FileHandler] ZipFilePath:E:/Minecraft/Minecraft Modding/RTSbuilding/libs/journeymap-neoforge-1.21.1-6.0.0.jar zipEntryName:assets/journeymap/theme/flat destDir:.\journeymap\icon\theme\flat overWrite:true fromPath:E:/Minecraft/Minecraft Modding/RTSbuilding/libs/journeymap-neoforge-1.21.1-6.0.0.jar
[23:42:27] [Render thread/INFO] [NeoForgeHooks] ModFileLocation:file:/E:/Minecraft/Minecraft%20Modding/RTSbuilding/libs/journeymap-neoforge-1.21.1-6.0.0.jar
[23:42:27] [Render thread/DEBUG] [FileHandler] ZipFilePath:E:/Minecraft/Minecraft Modding/RTSbuilding/libs/journeymap-neoforge-1.21.1-6.0.0.jar zipEntryName:assets/journeymap/theme/vault_flat destDir:.\journeymap\icon\theme\vault_flat overWrite:true fromPath:E:/Minecraft/Minecraft Modding/RTSbuilding/libs/journeymap-neoforge-1.21.1-6.0.0.jar
[23:42:27] [Render thread/INFO] [NeoForgeHooks] ModFileLocation:file:/E:/Minecraft/Minecraft%20Modding/RTSbuilding/libs/journeymap-neoforge-1.21.1-6.0.0.jar
[23:42:27] [Render thread/DEBUG] [FileHandler] ZipFilePath:E:/Minecraft/Minecraft Modding/RTSbuilding/libs/journeymap-neoforge-1.21.1-6.0.0.jar zipEntryName:assets/journeymap/theme/vault destDir:.\journeymap\icon\theme\vault overWrite:true fromPath:E:/Minecraft/Minecraft Modding/RTSbuilding/libs/journeymap-neoforge-1.21.1-6.0.0.jar
[23:42:27] [Render thread/INFO] [ThemeLoader] Preloaded theme textures: 73
[23:42:27] [Render thread/INFO] [JourneymapClient] postInitialize EXIT, elapsed count 1 avg 576.67ms
[23:42:28] [JM-VersionCheck-1/ERROR] [VersionCheck] Could not check version URL https://forge.curseupdate.com/32274/journeymap
javax.net.ssl.SSLHandshakeException: Remote host terminated the handshake
	at java.net.http/jdk.internal.net.http.HttpClientImpl.send(HttpClientImpl.java:960) ~[java.net.http:?]
	at java.net.http/jdk.internal.net.http.HttpClientFacade.send(HttpClientFacade.java:133) ~[java.net.http:?]
	at TRANSFORMER/journeymap@1.21.1-6.0.0/journeymap.common.version.VersionCheck.makeGetRequest(VersionCheck.java:214) ~[journeymap-neoforge-1.21.1-6.0.0.jar%23199!/:1.21.1-6.0.0]
	at TRANSFORMER/journeymap@1.21.1-6.0.0/journeymap.common.version.VersionCheck.lambda$checkVersion$0(VersionCheck.java:116) ~[journeymap-neoforge-1.21.1-6.0.0.jar%23199!/:1.21.1-6.0.0]
	at java.base/java.util.concurrent.Executors$RunnableAdapter.call(Executors.java:572) ~[?:?]
	at java.base/java.util.concurrent.FutureTask.run(FutureTask.java:317) ~[?:?]
	at java.base/java.util.concurrent.ThreadPoolExecutor.runWorker(ThreadPoolExecutor.java:1144) ~[?:?]
	at java.base/java.util.concurrent.ThreadPoolExecutor$Worker.run(ThreadPoolExecutor.java:642) ~[?:?]
	at java.base/java.lang.Thread.run(Thread.java:1583) [?:?]
Caused by: javax.net.ssl.SSLHandshakeException: Remote host terminated the handshake
	at java.net.http/jdk.internal.net.http.common.SSLTube.checkForHandshake(SSLTube.java:595) ~[java.net.http:?]
	at java.net.http/jdk.internal.net.http.common.SSLTube$SSLTubeFlowDelegate.checkForHandshake(SSLTube.java:156) ~[java.net.http:?]
	at java.net.http/jdk.internal.net.http.common.SSLFlowDelegate$Reader.errorCommon(SSLFlowDelegate.java:383) ~[java.net.http:?]
	at java.net.http/jdk.internal.net.http.common.SubscriberWrapper.onError(SubscriberWrapper.java:412) ~[java.net.http:?]
	at java.net.http/jdk.internal.net.http.SocketTube$InternalReadPublisher$ReadSubscription.signalCompletion(SocketTube.java:645) ~[java.net.http:?]
	at java.net.http/jdk.internal.net.http.SocketTube$InternalReadPublisher$InternalReadSubscription.read(SocketTube.java:829) ~[java.net.http:?]
	at java.net.http/jdk.internal.net.http.SocketTube$SocketFlowTask.run(SocketTube.java:181) ~[java.net.http:?]
	at java.net.http/jdk.internal.net.http.common.SequentialScheduler$SchedulableTask.run(SequentialScheduler.java:207) ~[java.net.http:?]
	at java.net.http/jdk.internal.net.http.common.SequentialScheduler.runOrSchedule(SequentialScheduler.java:280) ~[java.net.http:?]
	at java.net.http/jdk.internal.net.http.common.SequentialScheduler.runOrSchedule(SequentialScheduler.java:233) ~[java.net.http:?]
	at java.net.http/jdk.internal.net.http.SocketTube$InternalReadPublisher$InternalReadSubscription.signalReadable(SocketTube.java:782) ~[java.net.http:?]
	at java.net.http/jdk.internal.net.http.SocketTube$InternalReadPublisher$ReadEvent.signalEvent(SocketTube.java:965) ~[java.net.http:?]
	at java.net.http/jdk.internal.net.http.SocketTube$SocketFlowEvent.handle(SocketTube.java:253) ~[java.net.http:?]
	at java.net.http/jdk.internal.net.http.HttpClientImpl$SelectorManager.handleEvent(HttpClientImpl.java:1477) ~[java.net.http:?]
	at java.net.http/jdk.internal.net.http.HttpClientImpl$SelectorManager.lambda$run$3(HttpClientImpl.java:1422) ~[java.net.http:?]
	at java.base/java.util.ArrayList.forEach(ArrayList.java:1596) ~[?:?]
	at java.net.http/jdk.internal.net.http.HttpClientImpl$SelectorManager.run(HttpClientImpl.java:1422) ~[java.net.http:?]
Caused by: java.net.SocketException: Connection reset
	at java.base/sun.nio.ch.SocketChannelImpl.throwConnectionReset(SocketChannelImpl.java:401) ~[?:?]
	at java.base/sun.nio.ch.SocketChannelImpl.read(SocketChannelImpl.java:434) ~[?:?]
	at java.net.http/jdk.internal.net.http.SocketTube.readAvailable(SocketTube.java:1178) ~[java.net.http:?]
	at java.net.http/jdk.internal.net.http.SocketTube$InternalReadPublisher$InternalReadSubscription.read(SocketTube.java:841) ~[java.net.http:?]
	at java.net.http/jdk.internal.net.http.SocketTube$SocketFlowTask.run(SocketTube.java:181) ~[java.net.http:?]
	at java.net.http/jdk.internal.net.http.common.SequentialScheduler$SchedulableTask.run(SequentialScheduler.java:207) ~[java.net.http:?]
	at java.net.http/jdk.internal.net.http.common.SequentialScheduler.runOrSchedule(SequentialScheduler.java:280) ~[java.net.http:?]
	at java.net.http/jdk.internal.net.http.common.SequentialScheduler.runOrSchedule(SequentialScheduler.java:233) ~[java.net.http:?]
	at java.net.http/jdk.internal.net.http.SocketTube$InternalReadPublisher$InternalReadSubscription.signalReadable(SocketTube.java:782) ~[java.net.http:?]
	at java.net.http/jdk.internal.net.http.SocketTube$InternalReadPublisher$ReadEvent.signalEvent(SocketTube.java:965) ~[java.net.http:?]
	at java.net.http/jdk.internal.net.http.SocketTube$SocketFlowEvent.handle(SocketTube.java:253) ~[java.net.http:?]
	at java.net.http/jdk.internal.net.http.HttpClientImpl$SelectorManager.handleEvent(HttpClientImpl.java:1477) ~[java.net.http:?]
	at java.net.http/jdk.internal.net.http.HttpClientImpl$SelectorManager.lambda$run$3(HttpClientImpl.java:1422) ~[java.net.http:?]
	at java.base/java.util.ArrayList.forEach(ArrayList.java:1596) ~[?:?]
	at java.net.http/jdk.internal.net.http.HttpClientImpl$SelectorManager.run(HttpClientImpl.java:1422) ~[java.net.http:?]
[23:42:28] [JM-VersionCheck-1/ERROR] [VersionCheck] Could not check version URL https://forge.curseupdate.com/32274/journeymap/references
javax.net.ssl.SSLHandshakeException: Remote host terminated the handshake
	at java.net.http/jdk.internal.net.http.HttpClientImpl.send(HttpClientImpl.java:960) ~[java.net.http:?]
	at java.net.http/jdk.internal.net.http.HttpClientFacade.send(HttpClientFacade.java:133) ~[java.net.http:?]
	at TRANSFORMER/journeymap@1.21.1-6.0.0/journeymap.common.version.VersionCheck.makeGetRequest(VersionCheck.java:214) ~[journeymap-neoforge-1.21.1-6.0.0.jar%23199!/:1.21.1-6.0.0]
	at TRANSFORMER/journeymap@1.21.1-6.0.0/journeymap.common.version.VersionCheck.lambda$checkVersion$0(VersionCheck.java:117) ~[journeymap-neoforge-1.21.1-6.0.0.jar%23199!/:1.21.1-6.0.0]
	at java.base/java.util.concurrent.Executors$RunnableAdapter.call(Executors.java:572) ~[?:?]
	at java.base/java.util.concurrent.FutureTask.run(FutureTask.java:317) ~[?:?]
	at java.base/java.util.concurrent.ThreadPoolExecutor.runWorker(ThreadPoolExecutor.java:1144) ~[?:?]
	at java.base/java.util.concurrent.ThreadPoolExecutor$Worker.run(ThreadPoolExecutor.java:642) ~[?:?]
	at java.base/java.lang.Thread.run(Thread.java:1583) [?:?]
Caused by: javax.net.ssl.SSLHandshakeException: Remote host terminated the handshake
	at java.net.http/jdk.internal.net.http.common.SSLTube.checkForHandshake(SSLTube.java:595) ~[java.net.http:?]
	at java.net.http/jdk.internal.net.http.common.SSLTube$SSLTubeFlowDelegate.checkForHandshake(SSLTube.java:156) ~[java.net.http:?]
	at java.net.http/jdk.internal.net.http.common.SSLFlowDelegate$Reader.errorCommon(SSLFlowDelegate.java:383) ~[java.net.http:?]
	at java.net.http/jdk.internal.net.http.common.SubscriberWrapper.onError(SubscriberWrapper.java:412) ~[java.net.http:?]
	at java.net.http/jdk.internal.net.http.SocketTube$InternalReadPublisher$ReadSubscription.signalCompletion(SocketTube.java:645) ~[java.net.http:?]
	at java.net.http/jdk.internal.net.http.SocketTube$InternalReadPublisher$InternalReadSubscription.read(SocketTube.java:829) ~[java.net.http:?]
	at java.net.http/jdk.internal.net.http.SocketTube$SocketFlowTask.run(SocketTube.java:181) ~[java.net.http:?]
	at java.net.http/jdk.internal.net.http.common.SequentialScheduler$SchedulableTask.run(SequentialScheduler.java:207) ~[java.net.http:?]
	at java.net.http/jdk.internal.net.http.common.SequentialScheduler.runOrSchedule(SequentialScheduler.java:280) ~[java.net.http:?]
	at java.net.http/jdk.internal.net.http.common.SequentialScheduler.runOrSchedule(SequentialScheduler.java:233) ~[java.net.http:?]
	at java.net.http/jdk.internal.net.http.SocketTube$InternalReadPublisher$InternalReadSubscription.signalReadable(SocketTube.java:782) ~[java.net.http:?]
	at java.net.http/jdk.internal.net.http.SocketTube$InternalReadPublisher$ReadEvent.signalEvent(SocketTube.java:965) ~[java.net.http:?]
	at java.net.http/jdk.internal.net.http.SocketTube$SocketFlowEvent.handle(SocketTube.java:253) ~[java.net.http:?]
	at java.net.http/jdk.internal.net.http.HttpClientImpl$SelectorManager.handleEvent(HttpClientImpl.java:1477) ~[java.net.http:?]
	at java.net.http/jdk.internal.net.http.HttpClientImpl$SelectorManager.lambda$run$3(HttpClientImpl.java:1422) ~[java.net.http:?]
	at java.base/java.util.ArrayList.forEach(ArrayList.java:1596) ~[?:?]
	at java.net.http/jdk.internal.net.http.HttpClientImpl$SelectorManager.run(HttpClientImpl.java:1422) ~[java.net.http:?]
Caused by: java.net.SocketException: Connection reset
	at java.base/sun.nio.ch.SocketChannelImpl.throwConnectionReset(SocketChannelImpl.java:401) ~[?:?]
	at java.base/sun.nio.ch.SocketChannelImpl.read(SocketChannelImpl.java:434) ~[?:?]
	at java.net.http/jdk.internal.net.http.SocketTube.readAvailable(SocketTube.java:1178) ~[java.net.http:?]
	at java.net.http/jdk.internal.net.http.SocketTube$InternalReadPublisher$InternalReadSubscription.read(SocketTube.java:841) ~[java.net.http:?]
	at java.net.http/jdk.internal.net.http.SocketTube$SocketFlowTask.run(SocketTube.java:181) ~[java.net.http:?]
	at java.net.http/jdk.internal.net.http.common.SequentialScheduler$SchedulableTask.run(SequentialScheduler.java:207) ~[java.net.http:?]
	at java.net.http/jdk.internal.net.http.common.SequentialScheduler.runOrSchedule(SequentialScheduler.java:280) ~[java.net.http:?]
	at java.net.http/jdk.internal.net.http.common.SequentialScheduler.runOrSchedule(SequentialScheduler.java:233) ~[java.net.http:?]
	at java.net.http/jdk.internal.net.http.SocketTube$InternalReadPublisher$InternalReadSubscription.signalReadable(SocketTube.java:782) ~[java.net.http:?]
	at java.net.http/jdk.internal.net.http.SocketTube$InternalReadPublisher$ReadEvent.signalEvent(SocketTube.java:965) ~[java.net.http:?]
	at java.net.http/jdk.internal.net.http.SocketTube$SocketFlowEvent.handle(SocketTube.java:253) ~[java.net.http:?]
	at java.net.http/jdk.internal.net.http.HttpClientImpl$SelectorManager.handleEvent(HttpClientImpl.java:1477) ~[java.net.http:?]
	at java.net.http/jdk.internal.net.http.HttpClientImpl$SelectorManager.lambda$run$3(HttpClientImpl.java:1422) ~[java.net.http:?]
	at java.base/java.util.ArrayList.forEach(ArrayList.java:1596) ~[?:?]
	at java.net.http/jdk.internal.net.http.HttpClientImpl$SelectorManager.run(HttpClientImpl.java:1422) ~[java.net.http:?]
[23:42:29] [Render thread/INFO] [ColorPalette] Color palette file generated for 0 blockstates in 7ms for: Default Palette
[23:42:36] [Render thread/INFO] [PlayerConnectHandler] onDisconnect: world is null
[23:42:36] [Server thread/INFO] [NeoForgeConfig] Loading JourneyMap Forge Configs
[23:42:36] [Server thread/INFO] [PluginHelper] Found @JourneyMapPlugin: journeymap.api.plugins.LoadedChunkOverlayPlugin
[23:42:37] [Server thread/INFO] [PluginHelper] Initialized IJourneyMapPlugin as:journeymap.api.plugins.LoadedChunkOverlayPlugin: for:journeymap_chunk_overlay
[23:42:40] [Render thread/INFO] [InternalStateHandler] Connection initiated with Journeymap Server: true
[23:42:40] [Render thread/INFO] [InternalStateHandler] Teleport Enabled: false
[23:42:40] [Render thread/INFO] [InternalStateHandler] Expanded Radar Enabled: true
[23:42:40] [Render thread/INFO] [InternalStateHandler] Server Admin Enabled: false
[23:42:40] [Render thread/INFO] [InternalStateHandler] Server set show in-game beacons: true
[23:42:40] [Render thread/INFO] [InternalStateHandler] Server set waypoints allowed: true
[23:42:40] [Render thread/INFO] [InternalStateHandler] Server set Server Admin read only mode: true
[23:42:40] [Render thread/INFO] [InternalStateHandler] Server set maxSurfaceRenderDistance to: 0
[23:42:40] [Render thread/INFO] [InternalStateHandler] Server setmaxCaveRenderDistance to: 0
[23:42:40] [Render thread/INFO] [InternalStateHandler] Server set allow mutliplayer options: true
[23:42:40] [Render thread/INFO] [InternalStateHandler] Server set waypointTeleportOnly: false
[23:42:40] [Render thread/INFO] [InternalStateHandler] Server set globalWaypointsOnly: false
[23:42:40] [Render thread/INFO] [InternalStateHandler] Server set allow radarLateralDistance options: 512
[23:42:40] [Render thread/INFO] [InternalStateHandler] Server set allow radarVerticalDistance options: 320
[23:42:40] [Render thread/INFO] [InternalStateHandler] Server set allow maxAnimalsData options: 128
[23:42:40] [Render thread/INFO] [InternalStateHandler] Server set allow maxAmbientCreaturesData options: 128
[23:42:40] [Render thread/INFO] [InternalStateHandler] Server set allow maxMobsData options: 128
[23:42:40] [Render thread/INFO] [InternalStateHandler] Server set allow maxPlayersData options: 128
[23:42:40] [Render thread/INFO] [InternalStateHandler] Server set allow maxVillagersData options: 128
[23:42:40] [Render thread/INFO] [InternalStateHandler] Server set allow playerRadarNamesEnabled options: true
[23:42:40] [Render thread/INFO] [InternalStateHandler] Server set allow minimapEnabled options: true
[23:42:40] [Render thread/INFO] [InternalStateHandler] Server set allow hideCoordinates options: false
[23:42:40] [Render thread/INFO] [InternalStateHandler] Connection initiated with Journeymap Server: true
[23:42:40] [Render thread/INFO] [InternalStateHandler] Teleport Enabled: false
[23:42:40] [Render thread/INFO] [InternalStateHandler] Expanded Radar Enabled: true
[23:42:40] [Render thread/INFO] [InternalStateHandler] Server Admin Enabled: false
[23:42:40] [Render thread/INFO] [InternalStateHandler] Server set show in-game beacons: true
[23:42:40] [Render thread/INFO] [InternalStateHandler] Server set waypoints allowed: true
[23:42:40] [Render thread/INFO] [InternalStateHandler] Server set Server Admin read only mode: true
[23:42:40] [Render thread/INFO] [InternalStateHandler] Server set maxSurfaceRenderDistance to: 0
[23:42:40] [Render thread/INFO] [InternalStateHandler] Server setmaxCaveRenderDistance to: 0
[23:42:40] [Render thread/INFO] [InternalStateHandler] Server set allow mutliplayer options: true
[23:42:40] [Render thread/INFO] [InternalStateHandler] Server set waypointTeleportOnly: false
[23:42:40] [Render thread/INFO] [InternalStateHandler] Server set globalWaypointsOnly: false
[23:42:40] [Render thread/INFO] [InternalStateHandler] Server set allow radarLateralDistance options: 512
[23:42:40] [Render thread/INFO] [InternalStateHandler] Server set allow radarVerticalDistance options: 320
[23:42:40] [Render thread/INFO] [InternalStateHandler] Server set allow maxAnimalsData options: 128
[23:42:40] [Render thread/INFO] [InternalStateHandler] Server set allow maxAmbientCreaturesData options: 128
[23:42:40] [Render thread/INFO] [InternalStateHandler] Server set allow maxMobsData options: 128
[23:42:40] [Render thread/INFO] [InternalStateHandler] Server set allow maxPlayersData options: 128
[23:42:40] [Render thread/INFO] [InternalStateHandler] Server set allow maxVillagersData options: 128
[23:42:40] [Render thread/INFO] [InternalStateHandler] Server set allow playerRadarNamesEnabled options: true
[23:42:40] [Render thread/INFO] [InternalStateHandler] Server set allow minimapEnabled options: true
[23:42:40] [Render thread/INFO] [InternalStateHandler] Server set allow hideCoordinates options: false
[23:42:41] [Render thread/WARN] [PropertiesBase] core (Initialized) Bad configField entry during updateFrom(): optionsManagerViewed=null
[23:42:41] [Render thread/WARN] [PropertiesBase] core (Initialized) Bad configField entry during updateFrom(): splashViewed=null
[23:42:41] [Render thread/INFO] [WaypointGroupStore] Loaded 0 waypoint groups from disk.
[23:42:41] [Render thread/INFO] [WaypointHandler] WaypointBackend selected: Server (was=null, shouldBeRemote=true, isJMServer=true, serverManagedWP=true, isServerManagedWaypointConnection=true, hasSingleplayerServer=true)
[23:42:41] [Render thread/INFO] [LegacyWaypointFileMigrator] 0 Legacy waypoints found that need to be migrated and backed up.
[23:42:41] [Render thread/INFO] [ColorPalette] Color palette file generated for 0 blockstates in 0ms for: E:\Minecraft\Minecraft Modding\RTSbuilding\run\journeymap\colorpalette.json
[23:42:41] [Render thread/INFO] [ColorPalette] Color palette file generated for 0 blockstates in 0ms for: E:\Minecraft\Minecraft Modding\RTSbuilding\run\journeymap\data\sp\新的世界\colorpalette.json
[23:42:41] [Render thread/INFO] [JourneymapClient] Mapping started in .\journeymap\data\sp\新的世界\overworld. Memory: 1392MB total, 296MB free 
[23:42:41] [Render thread/INFO] [JMChunkCache] JMChunkCache: opened at .\journeymap\data\sp\新的世界\overworld\chunk_cache
[23:42:41] [Render thread/INFO] [ChatLog] JourneyMap: 按 [J]
[23:42:41] [Render thread/INFO] [InternalStateHandler] Connection initiated with Journeymap Server: true
[23:42:41] [Render thread/INFO] [InternalStateHandler] Teleport Enabled: false
[23:42:41] [Render thread/INFO] [InternalStateHandler] Expanded Radar Enabled: true
[23:42:41] [Render thread/INFO] [InternalStateHandler] Server Admin Enabled: false
[23:42:41] [Render thread/INFO] [InternalStateHandler] Server set show in-game beacons: true
[23:42:41] [Render thread/INFO] [InternalStateHandler] Server set waypoints allowed: true
[23:42:41] [Render thread/INFO] [InternalStateHandler] Server set Server Admin read only mode: true
[23:42:41] [Render thread/INFO] [InternalStateHandler] Server set maxSurfaceRenderDistance to: 0
[23:42:41] [Render thread/INFO] [InternalStateHandler] Server setmaxCaveRenderDistance to: 0
[23:42:41] [Render thread/INFO] [InternalStateHandler] Server set allow mutliplayer options: true
[23:42:41] [Render thread/INFO] [InternalStateHandler] Server set waypointTeleportOnly: false
[23:42:41] [Render thread/INFO] [InternalStateHandler] Server set globalWaypointsOnly: false
[23:42:41] [Render thread/INFO] [InternalStateHandler] Server set allow radarLateralDistance options: 512
[23:42:41] [Render thread/INFO] [InternalStateHandler] Server set allow radarVerticalDistance options: 320
[23:42:41] [Render thread/INFO] [InternalStateHandler] Server set allow maxAnimalsData options: 128
[23:42:41] [Render thread/INFO] [InternalStateHandler] Server set allow maxAmbientCreaturesData options: 128
[23:42:41] [Render thread/INFO] [InternalStateHandler] Server set allow maxMobsData options: 128
[23:42:41] [Render thread/INFO] [InternalStateHandler] Server set allow maxPlayersData options: 128
[23:42:41] [Render thread/INFO] [InternalStateHandler] Server set allow maxVillagersData options: 128
[23:42:41] [Render thread/INFO] [InternalStateHandler] Server set allow playerRadarNamesEnabled options: true
[23:42:41] [Render thread/INFO] [InternalStateHandler] Server set allow minimapEnabled options: true
[23:42:41] [Render thread/INFO] [InternalStateHandler] Server set allow hideCoordinates options: false
